 tbb

 Timestamp is 553e7a05 (Mon Apr 27 20:03:49 2015)

 Preferred load address is 10000000

 Start         Length     Name                   Class
 0001:00000000 0000007cH .text$di                CODE
 0001:00000080 0000f252H .text$mn                CODE
 0001:0000f2e0 0000081dH .text$x                 CODE
 0001:0000fb00 0000005aH .text$yd                CODE
 0002:00000000 00000198H .idata$5                DATA
 0002:00000198 00000004H .CRT$XCA                DATA
 0002:0000019c 00000018H .CRT$XCU                DATA
 0002:000001b4 00000004H .CRT$XCZ                DATA
 0002:000001b8 00000004H .CRT$XIA                DATA
 0002:000001bc 00000004H .CRT$XIAA               DATA
 0002:000001c0 00000004H .CRT$XIC                DATA
 0002:000001c4 00000004H .CRT$XIZ                DATA
 0002:000001d0 00001060H .rdata                  DATA
 0002:00001230 00000068H .rdata$debug            DATA
 0002:00001298 00000c94H .rdata$r                DATA
 0002:00001f30 000000bcH .rdata$sxdata           DATA
 0002:00001fec 00000004H .rtc$IAA                DATA
 0002:00001ff0 00000004H .rtc$IZZ                DATA
 0002:00001ff4 00000004H .rtc$TAA                DATA
 0002:00001ff8 00000004H .rtc$TZZ                DATA
 0002:00002000 00000d64H .xdata$x                DATA
 0002:00002d70 00002bffH .edata                  DATA
 0002:00005970 0000003cH .idata$2                DATA
 0002:000059ac 00000014H .idata$3                DATA
 0002:000059c0 00000198H .idata$4                DATA
 0002:00005b58 000007c2H .idata$6                DATA
 0003:00000000 000004f0H .data                   DATA
 0003:000004f0 000005f9H .data$r                 DATA
 0003:00000af0 000013f8H .bss                    DATA
 0004:00000000 000000a0H .rsrc$01                DATA
 0004:000000a0 000006a0H .rsrc$02                DATA

  Address         Publics by Value              Rva+Base       Lib:Object

 0000:00000000       ___guard_fids_count        00000000     <absolute>
 0000:00000000       ___guard_fids_table        00000000     <absolute>
 0000:00000000       ___guard_flags             00000000     <absolute>
 0000:00000000       __except_list              00000000     <absolute>
 0000:0000002f       ___safe_se_handler_count   0000002f     <absolute>
 0000:00009876       __ldused                   00009876     <absolute>
 0000:00009876       __fltused                  00009876     <absolute>
 0000:00000000       ___ImageBase               10000000     <linker-defined>
 0001:00000080       ?__TBB_LockByte@@YAIAAE@Z  10001080 f i concurrent_queue_v2.obj
 0001:000000f0       ??1scoped_lock@spin_mutex@tbb@@QAE@XZ 100010f0 f i concurrent_queue_v2.obj
 0001:00000100       ??1push_finalizer@micro_queue@internal@tbb@@QAE@XZ 10001100 f i concurrent_queue_v2.obj
 0001:00000110       ??1pop_finalizer@micro_queue@internal@tbb@@QAE@XZ 10001110 f i concurrent_queue_v2.obj
 0001:00000160       ?push@micro_queue@internal@tbb@@QAEXPBXIAAVconcurrent_queue_base@23@@Z 10001160 f   concurrent_queue_v2.obj
 0001:00000280       ?pop@micro_queue@internal@tbb@@QAE_NPAXIAAVconcurrent_queue_base@23@@Z 10001280 f   concurrent_queue_v2.obj
 0001:000003c0       ??0concurrent_queue_base@internal@tbb@@IAE@I@Z 100013c0 f   concurrent_queue_v2.obj
 0001:00000450       ??_Econcurrent_queue_base@internal@tbb@@MAEPAXI@Z 10001450 f i * CIL library *:* CIL module *
 0001:00000450       ??_Gconcurrent_queue_base@internal@tbb@@MAEPAXI@Z 10001450 f i concurrent_queue_v2.obj
 0001:00000480       ??1concurrent_queue_base@internal@tbb@@MAE@XZ 10001480 f   concurrent_queue_v2.obj
 0001:000004e0       ?internal_push@concurrent_queue_base@internal@tbb@@IAEXPBX@Z 100014e0 f   concurrent_queue_v2.obj
 0001:00000590       ?internal_pop@concurrent_queue_base@internal@tbb@@IAEXPAX@Z 10001590 f   concurrent_queue_v2.obj
 0001:000005e0       ?internal_pop_if_present@concurrent_queue_base@internal@tbb@@IAE_NPAX@Z 100015e0 f   concurrent_queue_v2.obj
 0001:00000680       ?internal_push_if_not_full@concurrent_queue_base@internal@tbb@@IAE_NPBX@Z 10001680 f   concurrent_queue_v2.obj
 0001:00000740       ?internal_size@concurrent_queue_base@internal@tbb@@IBEHXZ 10001740 f   concurrent_queue_v2.obj
 0001:00000760       ?internal_set_capacity@concurrent_queue_base@internal@tbb@@IAEXHI@Z 10001760 f   concurrent_queue_v2.obj
 0001:00000760       ?internal_set_capacity@concurrent_queue_base_v3@internal@tbb@@IAEXHI@Z 10001760 f   concurrent_queue.obj
 0001:00000780       ??0concurrent_queue_iterator_base@internal@tbb@@IAE@ABVconcurrent_queue_base@12@@Z 10001780 f   concurrent_queue_v2.obj
 0001:00000820       ?assign@concurrent_queue_iterator_base@internal@tbb@@IAEXABV123@@Z 10001820 f   concurrent_queue_v2.obj
 0001:000008a0       ?advance@concurrent_queue_iterator_base@internal@tbb@@IAEXXZ 100018a0 f   concurrent_queue_v2.obj
 0001:00000920       ??1concurrent_queue_iterator_base@internal@tbb@@IAE@XZ 10001920 f   concurrent_queue_v2.obj
 0001:00000940       ?compare_and_swap@?$atomic_impl@I@internal@tbb@@QAEIII@Z 10001940 f i concurrent_queue_v2.obj
 0001:00000970       ??$spin_wait_while_eq@U?$atomic@PAUsegment_t@concurrent_vector_base_v3@internal@tbb@@@tbb@@PAUsegment_t@concurrent_vector_base_v3@internal@2@@internal@tbb@@YAXADU?$atomic@PAUsegment_t@concurrent_vector_base_v3@internal@tbb@@@1@PAUsegment_t@concurrent_vector_base_v3@01@@Z 10001970 f i concurrent_vector.obj
 0001:00000970       ??$spin_wait_while_eq@U?$atomic@I@tbb@@I@internal@tbb@@YAXADU?$atomic@I@1@I@Z 10001970 f i concurrent_queue_v2.obj
 0001:000009c0       ??3@YAXPAX0@Z              100019c0 f i concurrent_vector_v2.obj
 0001:000009d0       ??_Gout_of_range@std@@UAEPAXI@Z 100019d0 f i concurrent_vector.obj
 0001:000009d0       ??_Glength_error@std@@UAEPAXI@Z 100019d0 f i concurrent_vector_v2.obj
 0001:000009d0       ??_Elength_error@std@@UAEPAXI@Z 100019d0 f i * CIL library *:* CIL module *
 0001:000009d0       ??_Gruntime_error@std@@UAEPAXI@Z 100019d0 f i concurrent_vector.obj
 0001:000009d0       ??_Grange_error@std@@UAEPAXI@Z 100019d0 f i concurrent_vector.obj
 0001:000009d0       ??_Elogic_error@std@@UAEPAXI@Z 100019d0 f i * CIL library *:* CIL module *
 0001:000009d0       ??_Eout_of_range@std@@UAEPAXI@Z 100019d0 f i * CIL library *:* CIL module *
 0001:000009d0       ??_Erange_error@std@@UAEPAXI@Z 100019d0 f i * CIL library *:* CIL module *
 0001:000009d0       ??_Glogic_error@std@@UAEPAXI@Z 100019d0 f i concurrent_vector_v2.obj
 0001:000009d0       ??_Eruntime_error@std@@UAEPAXI@Z 100019d0 f i * CIL library *:* CIL module *
 0001:00000a00       ??1out_of_range@std@@UAE@XZ 10001a00 f i concurrent_vector.obj
 0001:00000a00       ??1runtime_error@std@@UAE@XZ 10001a00 f i concurrent_vector.obj
 0001:00000a00       ??1tbb_exception@tbb@@UAE@XZ 10001a00 f i task.obj
 0001:00000a00       ??1range_error@std@@UAE@XZ 10001a00 f i concurrent_vector.obj
 0001:00000a00       ??1length_error@std@@UAE@XZ 10001a00 f i concurrent_vector_v2.obj
 0001:00000a10       ??_E_System_error_category@std@@UAEPAXI@Z 10001a10 f i * CIL library *:* CIL module *
 0001:00000a10       ??_Eerror_category@std@@UAEPAXI@Z 10001a10 f i * CIL library *:* CIL module *
 0001:00000a10       ??_E_Iostream_error_category@std@@UAEPAXI@Z 10001a10 f i * CIL library *:* CIL module *
 0001:00000a10       ??_G_Generic_error_category@std@@UAEPAXI@Z 10001a10 f i concurrent_vector_v2.obj
 0001:00000a10       ??_E_Generic_error_category@std@@UAEPAXI@Z 10001a10 f i * CIL library *:* CIL module *
 0001:00000a10       ??_G_Iostream_error_category@std@@UAEPAXI@Z 10001a10 f i concurrent_vector_v2.obj
 0001:00000a10       ??_Gerror_category@std@@UAEPAXI@Z 10001a10 f i concurrent_vector_v2.obj
 0001:00000a10       ??_G_System_error_category@std@@UAEPAXI@Z 10001a10 f i concurrent_vector_v2.obj
 0001:00000a40       ?default_error_condition@error_category@std@@UBE?AVerror_condition@2@H@Z 10001a40 f i concurrent_vector_v2.obj
 0001:00000a60       ?equivalent@error_category@std@@UBE_NHABVerror_condition@2@@Z 10001a60 f i concurrent_vector_v2.obj
 0001:00000aa0       ?equivalent@error_category@std@@UBE_NABVerror_code@2@H@Z 10001aa0 f i concurrent_vector_v2.obj
 0001:00000ac0       ?name@_Generic_error_category@std@@UBEPBDXZ 10001ac0 f i concurrent_vector_v2.obj
 0001:00000ad0       ?message@_Generic_error_category@std@@UBE?AV?$basic_string@DU?$char_traits@D@std@@V?$allocator@D@2@@2@H@Z 10001ad0 f i concurrent_vector_v2.obj
 0001:00000b50       ?name@_Iostream_error_category@std@@UBEPBDXZ 10001b50 f i concurrent_vector_v2.obj
 0001:00000b60       ?message@_Iostream_error_category@std@@UBE?AV?$basic_string@DU?$char_traits@D@std@@V?$allocator@D@2@@2@H@Z 10001b60 f i concurrent_vector_v2.obj
 0001:00000bb0       ?name@_System_error_category@std@@UBEPBDXZ 10001bb0 f i concurrent_vector_v2.obj
 0001:00000bc0       ?message@_System_error_category@std@@UBE?AV?$basic_string@DU?$char_traits@D@std@@V?$allocator@D@2@@2@H@Z 10001bc0 f i concurrent_vector_v2.obj
 0001:00000c40       ?default_error_condition@_System_error_category@std@@UBE?AVerror_condition@2@H@Z 10001c40 f i concurrent_vector_v2.obj
 0001:00000c80       ?internal_grow_to_at_least@concurrent_vector_base@internal@tbb@@IAEXIIP6AXPAXI@Z@Z 10001c80 f   concurrent_vector_v2.obj
 0001:00000cf0       ?extend_segment@helper@concurrent_vector_base@internal@tbb@@CAXAAV234@@Z 10001cf0 f   concurrent_vector_v2.obj
 0001:00000db0       ?internal_capacity@concurrent_vector_base@internal@tbb@@IBEIXZ 10001db0 f   concurrent_vector_v2.obj
 0001:00000df0       ?internal_reserve@concurrent_vector_base@internal@tbb@@IAEXIII@Z 10001df0 f   concurrent_vector_v2.obj
 0001:00000ed0       ??0length_error@std@@QAE@ABV01@@Z 10001ed0 f i concurrent_vector_v2.obj
 0001:00000ef0       ??0logic_error@std@@QAE@ABV01@@Z 10001ef0 f i concurrent_vector_v2.obj
 0001:00000f10       ?internal_copy@concurrent_vector_base@internal@tbb@@IAEXABV123@IP6AXPAXPBXI@Z@Z 10001f10 f   concurrent_vector_v2.obj
 0001:00000fd0       ?internal_assign@concurrent_vector_base@internal@tbb@@IAEXABV123@IP6AXPAXI@ZP6AX1PBXI@Z4@Z 10001fd0 f   concurrent_vector_v2.obj
 0001:00001160       ?internal_push_back@concurrent_vector_base@internal@tbb@@IAEPAXIAAI@Z 10002160 f   concurrent_vector_v2.obj
 0001:00001260       ?internal_grow_by@concurrent_vector_base@internal@tbb@@IAEIIIP6AXPAXI@Z@Z 10002260 f   concurrent_vector_v2.obj
 0001:000012a0       ?internal_grow@concurrent_vector_base@internal@tbb@@IAEXIIIP6AXPAXI@Z@Z 100022a0 f   concurrent_vector_v2.obj
 0001:000013d0       ?internal_clear@concurrent_vector_base@internal@tbb@@IAEXP6AXPAXI@Z_N@Z 100023d0 f   concurrent_vector_v2.obj
 0001:000014f0       ??1?$basic_string@DU?$char_traits@D@std@@V?$allocator@D@2@@std@@QAE@XZ 100024f0 f i concurrent_vector_v2.obj
 0001:00001520       ?assign@?$basic_string@DU?$char_traits@D@std@@V?$allocator@D@2@@std@@QAEAAV12@ABV12@II@Z 10002520 f i concurrent_vector_v2.obj
 0001:00001600       ?assign@?$basic_string@DU?$char_traits@D@std@@V?$allocator@D@2@@std@@QAEAAV12@PBDI@Z 10002600 f i concurrent_vector_v2.obj
 0001:00001700       ?erase@?$basic_string@DU?$char_traits@D@std@@V?$allocator@D@2@@std@@QAEAAV12@II@Z 10002700 f i concurrent_vector_v2.obj
 0001:00001780       ?_Grow@?$basic_string@DU?$char_traits@D@std@@V?$allocator@D@2@@std@@QAE_NI_N@Z 10002780 f i concurrent_vector_v2.obj
 0001:000017e0       ?_Copy@?$basic_string@DU?$char_traits@D@std@@V?$allocator@D@2@@std@@QAEXII@Z 100027e0 f i concurrent_vector_v2.obj
 0001:00001930       ?allocate@?$_Wrap_alloc@V?$allocator@D@std@@@std@@QAEPADI@Z 10002930 f i concurrent_vector_v2.obj
 0001:00001960       ??$spin_wait_while_eq@PAXPAX@internal@tbb@@YAXADSAXPAX@Z 10002960 f i concurrent_vector_v2.obj
 0001:00001960       ??$spin_wait_while_eq@PAVscoped_lock@queuing_rw_mutex@tbb@@PAX@internal@tbb@@YAXADSAVscoped_lock@queuing_rw_mutex@1@PAX@Z 10002960 f i queuing_rw_mutex.obj
 0001:00001960       ??$spin_wait_while_eq@IK@internal@tbb@@YAXADIK@Z 10002960 f i queuing_mutex.obj
 0001:00001960       ??$spin_wait_while_eq@PAVscoped_lock@queuing_mutex@tbb@@PAV123@@internal@tbb@@YAXADSAVscoped_lock@queuing_mutex@1@PAV231@@Z 10002960 f i queuing_mutex.obj
 0001:000019b0       ?internal_itt_releasing@spin_rw_mutex@tbb@@CAXPAV12@@Z 100029b0 f   spin_rw_mutex_v2.obj
 0001:000019d0       ?internal_acquire_writer@spin_rw_mutex@tbb@@CA_NPAV12@@Z 100029d0 f   spin_rw_mutex_v2.obj
 0001:00001a70       ?internal_release_writer@spin_rw_mutex@tbb@@CAXPAV12@@Z 10002a70 f   spin_rw_mutex_v2.obj
 0001:00001aa0       ?internal_acquire_reader@spin_rw_mutex@tbb@@CAXPAV12@@Z 10002aa0 f   spin_rw_mutex_v2.obj
 0001:00001b30       ?internal_upgrade@spin_rw_mutex@tbb@@CA_NPAV12@@Z 10002b30 f   spin_rw_mutex_v2.obj
 0001:00001c10       ?internal_downgrade@spin_rw_mutex@tbb@@CAXPAV12@@Z 10002c10 f   spin_rw_mutex_v2.obj
 0001:00001c40       ?internal_release_reader@spin_rw_mutex@tbb@@CAXPAV12@@Z 10002c40 f   spin_rw_mutex_v2.obj
 0001:00001c70       ?internal_try_acquire_writer@spin_rw_mutex@tbb@@CA_NPAV12@@Z 10002c70 f   spin_rw_mutex_v2.obj
 0001:00001cd0       ?internal_try_acquire_reader@spin_rw_mutex@tbb@@CA_NPAV12@@Z 10002cd0 f   spin_rw_mutex_v2.obj
 0001:00001d30       ?open@tbb_factory@rml@internal@tbb@@QAE?AW4status_type@factory@2@XZ 10002d30 f   rml_tbb.obj
 0001:00001e00       ??1bad_last_alloc@tbb@@UAE@XZ 10002e00 f i concurrent_queue.obj
 0001:00001e00       ??1bad_alloc@std@@UAE@XZ   10002e00 f i cache_aligned_allocator.obj
 0001:00001e10       ??_Gbad_last_alloc@tbb@@UAEPAXI@Z 10002e10 f i concurrent_queue.obj
 0001:00001e10       ??_Ebad_last_alloc@tbb@@UAEPAXI@Z 10002e10 f i * CIL library *:* CIL module *
 0001:00001e10       ??_Gbad_alloc@std@@UAEPAXI@Z 10002e10 f i cache_aligned_allocator.obj
 0001:00001e10       ??_Ebad_alloc@std@@UAEPAXI@Z 10002e10 f i * CIL library *:* CIL module *
 0001:00001e40       ?initialize_cache_aligned_allocator@internal@tbb@@YAXXZ 10002e40 f   cache_aligned_allocator.obj
 0001:00001f30       ?NFS_GetLineSize@internal@tbb@@YAIXZ 10002f30 f   cache_aligned_allocator.obj
 0001:00001f40       ?NFS_Allocate@internal@tbb@@YAPAXIIPAX@Z 10002f40 f   cache_aligned_allocator.obj
 0001:00001fd0       ??0bad_alloc@std@@QAE@ABV01@@Z 10002fd0 f i cache_aligned_allocator.obj
 0001:00001ff0       ?NFS_Free@internal@tbb@@YAXPAX@Z 10002ff0 f   cache_aligned_allocator.obj
 0001:00002020       ?allocate_closure_v3@internal@tbb@@YAPAXI@Z 10003020 f   tbb_thread.obj
 0001:00002020       ?allocate_via_handler_v3@internal@tbb@@YAPAXI@Z 10003020 f   cache_aligned_allocator.obj
 0001:00002070       ?free_closure_v3@internal@tbb@@YAXPAX@Z 10003070 f   tbb_thread.obj
 0001:00002070       ?deallocate_via_handler_v3@internal@tbb@@YAXPAX@Z 10003070 f   cache_aligned_allocator.obj
 0001:00002090       ?is_malloc_used_v3@internal@tbb@@YA_NXZ 10003090 f   cache_aligned_allocator.obj
 0001:000020c0       ?internal_grow_predicate@hash_map_segment_base@internal@tbb@@QBE_NXZ 100030c0 f   concurrent_hash_map.obj
 0001:000020e0       ?what@bad_last_alloc@tbb@@UBEPBDXZ 100030e0 f i concurrent_queue.obj
 0001:000020f0       ??1micro_queue_pop_finalizer@internal@tbb@@QAE@XZ 100030f0 f i concurrent_queue.obj
 0001:00002140       ?push@micro_queue@internal@tbb@@QAEXPBXIAAVconcurrent_queue_base_v3@23@@Z 10003140 f   concurrent_queue.obj
 0001:00002330       ??0bad_last_alloc@tbb@@QAE@ABV01@@Z 10003330 f i concurrent_queue.obj
 0001:00002350       ?pop@micro_queue@internal@tbb@@QAE_NPAXIAAVconcurrent_queue_base_v3@23@@Z 10003350 f   concurrent_queue.obj
 0001:00002500       ?assign@micro_queue@internal@tbb@@QAEAAU123@ABU123@AAVconcurrent_queue_base_v3@23@@Z 10003500 f   concurrent_queue.obj
 0001:00002630       ?make_copy@micro_queue@internal@tbb@@QAEPAUpage@concurrent_queue_base_v3@23@AAV523@PBU4523@IIAAI@Z 10003630 f   concurrent_queue.obj
 0001:00002690       ?make_invalid@micro_queue@internal@tbb@@QAEXI@Z 10003690 f   concurrent_queue.obj
 0001:000026f0       ??0concurrent_queue_base_v3@internal@tbb@@IAE@I@Z 100036f0 f   concurrent_queue.obj
 0001:000027d0       ??_Gconcurrent_queue_base_v3@internal@tbb@@MAEPAXI@Z 100037d0 f i concurrent_queue.obj
 0001:000027d0       ??_Econcurrent_queue_base_v3@internal@tbb@@MAEPAXI@Z 100037d0 f i * CIL library *:* CIL module *
 0001:00002850       ??1concurrent_queue_base_v3@internal@tbb@@MAE@XZ 10003850 f   concurrent_queue.obj
 0001:000028c0       ?internal_push@concurrent_queue_base_v3@internal@tbb@@IAEXPBX@Z 100038c0 f   concurrent_queue.obj
 0001:00002a70       ?internal_pop@concurrent_queue_base_v3@internal@tbb@@IAEXPAX@Z 10003a70 f   concurrent_queue.obj
 0001:00002c00       ?internal_pop_if_present@concurrent_queue_base_v3@internal@tbb@@IAE_NPAX@Z 10003c00 f   concurrent_queue.obj
 0001:00002ce0       ?internal_push_if_not_full@concurrent_queue_base_v3@internal@tbb@@IAE_NPBX@Z 10003ce0 f   concurrent_queue.obj
 0001:00002da0       ?internal_size@concurrent_queue_base_v3@internal@tbb@@IBEHXZ 10003da0 f   concurrent_queue.obj
 0001:00002dc0       ?internal_empty@concurrent_queue_base_v3@internal@tbb@@IBE_NXZ 10003dc0 f   concurrent_queue.obj
 0001:00002e00       ?internal_finish_clear@concurrent_queue_base_v3@internal@tbb@@IAEXXZ 10003e00 f   concurrent_queue.obj
 0001:00002e50       ?internal_throw_exception@concurrent_queue_base_v3@internal@tbb@@IBEXXZ 10003e50 f   concurrent_queue.obj
 0001:00002e90       ?assign@concurrent_queue_base_v3@internal@tbb@@IAEXABV123@@Z 10003e90 f   concurrent_queue.obj
 0001:00002f00       ??0concurrent_queue_iterator_base_v3@internal@tbb@@IAE@ABVconcurrent_queue_base_v3@12@@Z 10003f00 f   concurrent_queue.obj
 0001:00002fb0       ?assign@concurrent_queue_iterator_base_v3@internal@tbb@@IAEXABV123@@Z 10003fb0 f   concurrent_queue.obj
 0001:00003030       ?advance@concurrent_queue_iterator_base_v3@internal@tbb@@IAEXXZ 10004030 f   concurrent_queue.obj
 0001:000030c0       ??1concurrent_queue_iterator_base_v3@internal@tbb@@IAE@XZ 100040c0 f   concurrent_queue.obj
 0001:00003100       ??0runtime_error@std@@QAE@ABV01@@Z 10004100 f i concurrent_vector.obj
 0001:00003120       ?segment_index_of@concurrent_vector_base_v3@internal@tbb@@KAII@Z 10004120 f i concurrent_vector.obj
 0001:00003150       ?enable_segment@helper@concurrent_vector_base_v3@internal@tbb@@SAIAAV234@II@Z 10004150 f i concurrent_vector.obj
 0001:000033b0       ?extend_segment_table@helper@concurrent_vector_base_v3@internal@tbb@@SAXAAV234@I@Z 100043b0 f i concurrent_vector.obj
 0001:00003520       ?acquire_segment@helper@concurrent_vector_base_v3@internal@tbb@@SAAAUsegment_t@234@AAV234@II_N@Z 10004520 f i concurrent_vector.obj
 0001:000035a0       ??1helper@concurrent_vector_base_v3@internal@tbb@@QAE@XZ 100045a0 f i concurrent_vector.obj
 0001:000037d0       ??1concurrent_vector_base_v3@internal@tbb@@IAE@XZ 100047d0 f   concurrent_vector.obj
 0001:00003820       ?internal_capacity@concurrent_vector_base_v3@internal@tbb@@IBEIXZ 10004820 f   concurrent_vector.obj
 0001:00003860       ?internal_throw_exception@concurrent_vector_base_v3@internal@tbb@@IBEXI@Z 10004860 f   concurrent_vector.obj
 0001:00003900       ??0out_of_range@std@@QAE@ABV01@@Z 10004900 f i concurrent_vector.obj
 0001:00003920       ??0range_error@std@@QAE@ABV01@@Z 10004920 f i concurrent_vector.obj
 0001:00003940       ?internal_reserve@concurrent_vector_base_v3@internal@tbb@@IAEXIII@Z 10004940 f   concurrent_vector.obj
 0001:00003a70       ?internal_copy@concurrent_vector_base_v3@internal@tbb@@IAEXABV123@IP6AXPAXPBXI@Z@Z 10004a70 f   concurrent_vector.obj
 0001:00003b90       ?internal_assign@concurrent_vector_base_v3@internal@tbb@@IAEXABV123@IP6AXPAXI@ZP6AX1PBXI@Z4@Z 10004b90 f   concurrent_vector.obj
 0001:00003e00       ?internal_push_back@concurrent_vector_base_v3@internal@tbb@@IAEPAXIAAI@Z 10004e00 f   concurrent_vector.obj
 0001:00003eb0       ?internal_grow_to_at_least@concurrent_vector_base_v3@internal@tbb@@IAEXIIP6AXPAXPBXI@Z1@Z 10004eb0 f   concurrent_vector.obj
 0001:00003ec0       ?internal_grow_to_at_least_with_result@concurrent_vector_base_v3@internal@tbb@@IAEIIIP6AXPAXPBXI@Z1@Z 10004ec0 f   concurrent_vector.obj
 0001:00004000       ?internal_grow_by@concurrent_vector_base_v3@internal@tbb@@IAEIIIP6AXPAXPBXI@Z1@Z 10005000 f   concurrent_vector.obj
 0001:00004050       ?internal_grow@concurrent_vector_base_v3@internal@tbb@@IAEXIIIP6AXPAXPBXI@Z1@Z 10005050 f   concurrent_vector.obj
 0001:000042c0       ?internal_resize@concurrent_vector_base_v3@internal@tbb@@IAEXIIIPBXP6AXPAXI@ZP6AX10I@Z@Z 100052c0 f   concurrent_vector.obj
 0001:00004420       ?internal_clear@concurrent_vector_base_v3@internal@tbb@@IAEIP6AXPAXI@Z@Z 10005420 f   concurrent_vector.obj
 0001:000044f0       ?internal_compact@concurrent_vector_base_v3@internal@tbb@@IAEPAXIPAXP6AX0I@ZP6AX0PBXI@Z@Z 100054f0 f   concurrent_vector.obj
 0001:00004860       ?internal_swap@concurrent_vector_base_v3@internal@tbb@@IAEXAAV123@@Z 10005860 f   concurrent_vector.obj
 0001:00004930       ??$apply@Uinit_body@helper@concurrent_vector_base_v3@internal@tbb@@@helper@concurrent_vector_base_v3@internal@tbb@@QAEIABUinit_body@0123@@Z 10005930 f i concurrent_vector.obj
 0001:000049f0       ??$apply@Usafe_init_body@helper@concurrent_vector_base_v3@internal@tbb@@@helper@concurrent_vector_base_v3@internal@tbb@@QAEIABUsafe_init_body@0123@@Z 100059f0 f i concurrent_vector.obj
 0001:00004af0       ??$apply@Udestroy_body@helper@concurrent_vector_base_v3@internal@tbb@@@helper@concurrent_vector_base_v3@internal@tbb@@QAEIABUdestroy_body@0123@@Z 10005af0 f i concurrent_vector.obj
 0001:00004bc0       ?dynamic_link@internal@tbb@@YA_NPAXQBUdynamic_link_descriptor@12@II@Z 10005bc0 f   dynamic_link.obj
 0001:00004c70       ?dynamic_link@internal@tbb@@YA_NPBDQBUdynamic_link_descriptor@12@IIPAPAUHINSTANCE__@@@Z 10005c70 f   dynamic_link.obj
 0001:00004d10       ?itt_store_pointer_with_release_v3@internal@tbb@@YAXPAX0@Z 10005d10 f   itt_notify.obj
 0001:00004d40       ?itt_load_pointer_with_acquire_v3@internal@tbb@@YAPAXPBX@Z 10005d40 f   itt_notify.obj
 0001:00004d60       ?itt_load_pointer_v3@internal@tbb@@YAPAXPBX@Z 10005d60 f   itt_notify.obj
 0001:00004d70       ?itt_set_sync_name_v3@internal@tbb@@YAXPAXPB_W@Z 10005d70 f   itt_notify.obj
 0001:000066b0       ?internal_acquire@scoped_lock@mutex@tbb@@AAEXAAV23@@Z 100076b0 f   mutex.obj
 0001:000066f0       ?internal_release@scoped_lock@mutex@tbb@@AAEXXZ 100076f0 f   mutex.obj
 0001:00006720       ?internal_try_acquire@scoped_lock@mutex@tbb@@AAE_NAAV23@@Z 10007720 f   mutex.obj
 0001:00006750       ?internal_construct@mutex@tbb@@AAEXXZ 10007750 f   mutex.obj
 0001:00006780       ?internal_destroy@mutex@tbb@@AAEXXZ 10007780 f   mutex.obj
 0001:00006780       ?internal_destroy@recursive_mutex@tbb@@AAEXXZ 10007780 f   recursive_mutex.obj
 0001:000067a0       ??1task@tbb@@UAE@XZ        100077a0 f i pipeline.obj
 0001:000067b0       ??_Gempty_task@tbb@@UAEPAXI@Z 100077b0 f i task.obj
 0001:000067b0       ??_Eempty_task@tbb@@UAEPAXI@Z 100077b0 f i * CIL library *:* CIL module *
 0001:000067b0       ??_Etask@tbb@@UAEPAXI@Z    100077b0 f i * CIL library *:* CIL module *
 0001:000067b0       ??_Gtask@tbb@@UAEPAXI@Z    100077b0 f i pipeline.obj
 0001:000067b0       ??_Gpipeline_root_task@internal@tbb@@UAEPAXI@Z 100077b0 f i pipeline.obj
 0001:000067b0       ??_Epipeline_root_task@internal@tbb@@UAEPAXI@Z 100077b0 f i * CIL library *:* CIL module *
 0001:000067e0       ??2@YAPAXIABVallocate_additional_child_of_proxy@internal@tbb@@@Z 100077e0 f i pipeline.obj
 0001:00006820       ?inject_token@pipeline@tbb@@AAEXAAVtask@2@@Z 10007820 f i pipeline.obj
 0001:00006820       ?note_affinity@task@tbb@@UAEXG@Z 10007820 f i task.obj
 0001:00006820       ?independent_thread_number_changed@private_server@rml@internal@tbb@@UAEXH@Z 10007820 f i private_server.obj
 0001:00006820       ?finalize@filter@tbb@@UAEXPAX@Z 10007820 f i pipeline.obj
 0001:00006830       ??_Efilter@tbb@@UAEPAXI@Z  10007830 f i * CIL library *:* CIL module *
 0001:00006830       ??_Gfilter@tbb@@UAEPAXI@Z  10007830 f i pipeline.obj
 0001:00006870       ??0input_buffer@internal@tbb@@QAE@_N0@Z 10007870 f i pipeline.obj
 0001:000068b0       ?return_item@input_buffer@internal@tbb@@QAE_NAAUtask_info@23@_N@Z 100078b0 f i pipeline.obj
 0001:00006960       ?put_item@input_buffer@internal@tbb@@QAEXAAUtask_info@23@@Z 10007960 f i pipeline.obj
 0001:00006a40       ?grow@input_buffer@internal@tbb@@AAEXK@Z 10007a40 f   pipeline.obj
 0001:00006b30       ??0stage_task@internal@tbb@@QAE@AAVpipeline@2@@Z 10007b30 f i pipeline.obj
 0001:00006b70       ?spawn_stage_task@stage_task@internal@tbb@@QAEXABUtask_info@23@@Z 10007b70 f i pipeline.obj
 0001:00006c10       ??_Estage_task@internal@tbb@@UAEPAXI@Z 10007c10 f i * CIL library *:* CIL module *
 0001:00006c10       ??_Gstage_task@internal@tbb@@UAEPAXI@Z 10007c10 f i pipeline.obj
 0001:00006ca0       ?execute@stage_task@internal@tbb@@UAEPAVtask@3@XZ 10007ca0 f   pipeline.obj
 0001:00006fe0       ?execute@pipeline_root_task@internal@tbb@@EAEPAVtask@3@XZ 10007fe0 f i pipeline.obj
 0001:00007240       ??0pipeline_root_task@internal@tbb@@QAE@AAVpipeline@2@@Z 10008240 f i pipeline.obj
 0001:000072a0       ??1pipeline_cleaner@internal@tbb@@QAE@XZ 100082a0 f i pipeline.obj
 0001:000072d0       ?clear_filters@pipeline@tbb@@AAEXXZ 100082d0 f   pipeline.obj
 0001:00007340       ??0pipeline@tbb@@QAE@XZ    10008340 f   pipeline.obj
 0001:00007380       ??_Gpipeline@tbb@@UAEPAXI@Z 10008380 f i pipeline.obj
 0001:00007380       ??_Epipeline@tbb@@UAEPAXI@Z 10008380 f i * CIL library *:* CIL module *
 0001:000073b0       ??1pipeline@tbb@@UAE@XZ    100083b0 f   pipeline.obj
 0001:000073c0       ?clear@pipeline@tbb@@QAEXXZ 100083c0 f   pipeline.obj
 0001:00007450       ?add_filter@pipeline@tbb@@QAEXAAVfilter@2@@Z 10008450 f   pipeline.obj
 0001:00007630       ?remove_filter@pipeline@tbb@@AAEXAAVfilter@2@@Z 10008630 f   pipeline.obj
 0001:000076d0       ?run@pipeline@tbb@@QAEXIAAVtask_group_context@2@@Z 100086d0 f   pipeline.obj
 0001:00007780       ?run@pipeline@tbb@@QAEXI@Z 10008780 f   pipeline.obj
 0001:00007870       ??1filter@tbb@@UAE@XZ      10008870 f   pipeline.obj
 0001:00007890       ?process_item@thread_bound_filter@tbb@@QAE?AW4result_type@12@XZ 10008890 f   pipeline.obj
 0001:000078a0       ?try_process_item@thread_bound_filter@tbb@@QAE?AW4result_type@12@XZ 100088a0 f   pipeline.obj
 0001:000078b0       ?internal_process_item@thread_bound_filter@tbb@@AAE?AW4result_type@12@_N@Z 100088b0 f   pipeline.obj
 0001:00007ae0       ??$note_done@Vstage_task@internal@tbb@@@input_buffer@internal@tbb@@QAEXKAAVstage_task@12@@Z 10008ae0 f i pipeline.obj
 0001:00007bc0       ??$put_token@Vstage_task@internal@tbb@@@input_buffer@internal@tbb@@QAE_NAAVstage_task@12@@Z 10008bc0 f i pipeline.obj
 0001:00007cc0       ?commit_wait@thread_monitor@internal@rml@@QAEXAAVcookie@123@@Z 10008cc0 f i private_server.obj
 0001:00007d20       ?execute@empty_task@tbb@@EAEPAVtask@2@XZ 10008d20 f i task.obj
 0001:00007d20       ?version@UnpaddedArenaPrefix@internal@tbb@@EBEIXZ 10008d20 f i task.obj
 0001:00007d20       ?version@private_server@rml@internal@tbb@@UBEIXZ 10008d20 f i private_server.obj
 0001:00007d30       ?request_close_connection@private_server@rml@internal@tbb@@UAEXXZ 10008d30 f i private_server.obj
 0001:00007e10       ?yield@private_server@rml@internal@tbb@@UAEXXZ 10008e10 f i private_server.obj
 0001:00007e10       ?thread_yield_v3@internal@tbb@@YAXXZ 10008e10 f i tbb_thread.obj
 0001:00007e20       ?default_concurrency@private_server@rml@internal@tbb@@UBEIXZ 10008e20 f i private_server.obj
 0001:00007e50       ?thread_routine@private_worker@rml@internal@tbb@@CGIPAX@Z 10008e50 f   private_server.obj
 0001:00007ea0       ?run@private_worker@rml@internal@tbb@@AAEXXZ 10008ea0 f   private_server.obj
 0001:00008090       ??0private_server@rml@internal@tbb@@QAE@AAVtbb_client@123@@Z 10009090 f   private_server.obj
 0001:000081c0       ??_Gprivate_server@rml@internal@tbb@@EAEPAXI@Z 100091c0 f i private_server.obj
 0001:000081c0       ??_Eprivate_server@rml@internal@tbb@@EAEPAXI@Z 100091c0 f i * CIL library *:* CIL module *
 0001:000081f0       ??1private_server@rml@internal@tbb@@EAE@XZ 100091f0 f   private_server.obj
 0001:00008260       ?wake_some@private_server@rml@internal@tbb@@AAEXH@Z 10009260 f   private_server.obj
 0001:00008360       ?adjust_job_count_estimate@private_server@rml@internal@tbb@@UAEXH@Z 10009360 f   private_server.obj
 0001:000083a0       ?acquire@scoped_lock@queuing_mutex@tbb@@QAEXAAV23@@Z 100093a0 f   queuing_mutex.obj
 0001:00008410       ?try_acquire@scoped_lock@queuing_mutex@tbb@@QAE_NAAV23@@Z 10009410 f   queuing_mutex.obj
 0001:00008480       ?release@scoped_lock@queuing_mutex@tbb@@QAEXXZ 10009480 f   queuing_mutex.obj
 0001:000084f0       ?internal_construct@queuing_mutex@tbb@@QAEXXZ 100094f0 f   queuing_mutex.obj
 0001:00008510       ?acquire_internal_lock@scoped_lock@queuing_rw_mutex@tbb@@AAEXXZ 10009510 f i queuing_rw_mutex.obj
 0001:00008550       ?acquire@scoped_lock@queuing_rw_mutex@tbb@@QAEXAAV23@_N@Z 10009550 f   queuing_rw_mutex.obj
 0001:000086a0       ?try_acquire@scoped_lock@queuing_rw_mutex@tbb@@QAE_NAAV23@_N@Z 100096a0 f   queuing_rw_mutex.obj
 0001:00008730       ?release@scoped_lock@queuing_rw_mutex@tbb@@QAEXXZ 10009730 f   queuing_rw_mutex.obj
 0001:000089a0       ?downgrade_to_reader@scoped_lock@queuing_rw_mutex@tbb@@QAE_NXZ 100099a0 f   queuing_rw_mutex.obj
 0001:00008a30       ?upgrade_to_writer@scoped_lock@queuing_rw_mutex@tbb@@QAE_NXZ 10009a30 f   queuing_rw_mutex.obj
 0001:00008e00       ?internal_construct@queuing_rw_mutex@tbb@@QAEXXZ 10009e00 f   queuing_rw_mutex.obj
 0001:00008e20       ??$spin_wait_until_eq@EE@internal@tbb@@YAXADEE@Z 10009e20 f i queuing_rw_mutex.obj
 0001:00008e70       ??$spin_wait_until_eq@EH@internal@tbb@@YAXADEH@Z 10009e70 f i queuing_rw_mutex.obj
 0001:00008ec0       ??$spin_wait_while_eq@PAVscoped_lock@queuing_rw_mutex@tbb@@PAV123@@internal@tbb@@YAXADSAVscoped_lock@queuing_rw_mutex@1@PAV231@@Z 10009ec0 f i queuing_rw_mutex.obj
 0001:00008f00       ??$spin_wait_while_eq@EH@internal@tbb@@YAXADEH@Z 10009f00 f i queuing_rw_mutex.obj
 0001:00008f50       ?internal_acquire@scoped_lock@recursive_mutex@tbb@@AAEXAAV23@@Z 10009f50 f   recursive_mutex.obj
 0001:00008f80       ?internal_release@scoped_lock@recursive_mutex@tbb@@AAEXXZ 10009f80 f   recursive_mutex.obj
 0001:00008fa0       ?internal_try_acquire@scoped_lock@recursive_mutex@tbb@@AAE_NAAV23@@Z 10009fa0 f   recursive_mutex.obj
 0001:00008fd0       ?internal_construct@recursive_mutex@tbb@@AAEXXZ 10009fd0 f   recursive_mutex.obj
 0001:00009000       ?internal_acquire@scoped_lock@spin_mutex@tbb@@AAEXAAV23@@Z 1000a000 f   spin_mutex.obj
 0001:00009040       ?internal_release@scoped_lock@spin_mutex@tbb@@AAEXXZ 1000a040 f   spin_mutex.obj
 0001:00009070       ?internal_try_acquire@scoped_lock@spin_mutex@tbb@@AAE_NAAV23@@Z 1000a070 f   spin_mutex.obj
 0001:000090c0       ?internal_construct@spin_mutex@tbb@@QAEXXZ 1000a0c0 f   spin_mutex.obj
 0001:000090e0       ?internal_acquire_writer@spin_rw_mutex_v3@tbb@@AAE_NXZ 1000a0e0 f   spin_rw_mutex.obj
 0001:00009180       ?internal_release_writer@spin_rw_mutex_v3@tbb@@AAEXXZ 1000a180 f   spin_rw_mutex.obj
 0001:000091b0       ?internal_acquire_reader@spin_rw_mutex_v3@tbb@@AAEXXZ 1000a1b0 f   spin_rw_mutex.obj
 0001:00009240       ?internal_upgrade@spin_rw_mutex_v3@tbb@@AAE_NXZ 1000a240 f   spin_rw_mutex.obj
 0001:00009330       ?internal_downgrade@spin_rw_mutex_v3@tbb@@AAEXXZ 1000a330 f   spin_rw_mutex.obj
 0001:00009360       ?internal_release_reader@spin_rw_mutex_v3@tbb@@AAEXXZ 1000a360 f   spin_rw_mutex.obj
 0001:00009390       ?internal_try_acquire_writer@spin_rw_mutex_v3@tbb@@AAE_NXZ 1000a390 f   spin_rw_mutex.obj
 0001:000093e0       ?internal_try_acquire_reader@spin_rw_mutex_v3@tbb@@AAE_NXZ 1000a3e0 f   spin_rw_mutex.obj
 0001:00009430       ?internal_construct@spin_rw_mutex_v3@tbb@@AAEXXZ 1000a430 f   spin_rw_mutex.obj
 0001:00009450       ??1exception_ptr@std@@QAE@XZ 1000a450 f i task.obj
 0001:00009460       ?_Current_exception@exception_ptr@std@@SA?AV12@XZ 1000a460 f i task.obj
 0001:000094d0       ?_Copy_exception@exception_ptr@std@@SA?AV12@PAXPBX@Z 1000a4d0 f i task.obj
 0001:00009560       ?current_exception@std@@YA?AVexception_ptr@1@XZ 1000a560 f i task.obj
 0001:00009580       ??0captured_exception@tbb@@QAE@ABV01@@Z 1000a580 f i task.obj
 0001:000095c0       ??1captured_exception@tbb@@UAE@XZ 1000a5c0 f i task.obj
 0001:00009600       ?throw_self@captured_exception@tbb@@UAEXXZ 1000a600 f i task.obj
 0001:00009680       ??_Ecaptured_exception@tbb@@UAEPAXI@Z 1000a680 f i * CIL library *:* CIL module *
 0001:00009680       ??_Gcaptured_exception@tbb@@UAEPAXI@Z 1000a680 f i task.obj
 0001:000096d0       ??0tbb_exception@tbb@@QAE@ABV01@@Z 1000a6d0 f i task.obj
 0001:000096f0       ??_Etbb_exception@tbb@@UAEPAXI@Z 1000a6f0 f i * CIL library *:* CIL module *
 0001:000096f0       ??_Gtbb_exception@tbb@@UAEPAXI@Z 1000a6f0 f i task.obj
 0001:00009720       ?throw_self@tbb_exception_ptr@internal@tbb@@QAEXXZ 1000a720 f i task.obj
 0001:00009790       ??0tbb_exception_ptr@internal@tbb@@QAE@ABVcaptured_exception@2@@Z 1000a790 f i task.obj
 0001:00009830       ??1scoped_lock@mutex@tbb@@QAE@XZ 1000a830 f i task.obj
 0001:00009850       ?acquire@mail_outbox@internal@tbb@@AAEPAUtask_proxy@23@XZ 1000a850 f i task.obj
 0001:000098c0       ?name@captured_exception@tbb@@UBEPBDXZ 1000a8c0 f i task.obj
 0001:000098c0       ?max_job_count@UnpaddedArenaPrefix@internal@tbb@@EBEIXZ 1000a8c0 f i task.obj
 0001:000098d0       ?min_stack_size@UnpaddedArenaPrefix@internal@tbb@@EBEIXZ 1000a8d0 f i task.obj
 0001:000098e0       ?policy@UnpaddedArenaPrefix@internal@tbb@@EBE?AW4policy_type@client@rml@@XZ 1000a8e0 f i task.obj
 0001:000098f0       ?free_arena@Arena@internal@tbb@@AAEXXZ 1000a8f0 f i task.obj
 0001:000099a0       ?remove_ref@__TBB_InitOnce@internal@tbb@@SAXXZ 1000a9a0 f i task.obj
 0001:00009a10       ?obtain_arena@Governor@internal@tbb@@CAPAVArena@23@HI@Z 1000aa10 f i task.obj
 0001:00009ad0       ?local_scheduler@Governor@internal@tbb@@SAPAVGenericScheduler@23@XZ 1000aad0 f i task.obj
 0001:00009be0       ?DoOneTimeInitializations@internal@tbb@@YAXXZ 1000abe0 f   task.obj
 0001:00009e20       _DllMain@12                1000ae20 f   task.obj
 0001:00009eb0       ??1scheduler@internal@tbb@@UAE@XZ 1000aeb0 f   task.obj
 0001:00009ec0       ?notify_entry_observers@GenericScheduler@internal@tbb@@AAEXXZ 1000aec0 f i task.obj
 0001:00009ef0       ?spawn@GenericScheduler@internal@tbb@@UAEXAAVtask@3@AAPAV43@@Z 1000aef0 f i task.obj
 0001:00009f10       ?spawn_root_and_wait@GenericScheduler@internal@tbb@@UAEXAAVtask@3@AAPAV43@@Z 1000af10 f i task.obj
 0001:00009f30       ??0auto_empty_task@internal@tbb@@QAE@PAVGenericScheduler@12@PAVtask_group_context@2@@Z 1000af30 f i task.obj
 0001:00009fe0       ??1auto_empty_task@internal@tbb@@QAE@XZ 1000afe0 f i task.obj
 0001:0000a000       ?sign_on@Governor@internal@tbb@@SAXPAVGenericScheduler@23@@Z 1000b000 f i task.obj
 0001:0000a070       ?auto_terminate@Governor@internal@tbb@@CAXPAX@Z 1000b070 f   task.obj
 0001:0000a0e0       ?allocate_task@GenericScheduler@internal@tbb@@QAEAAVtask@3@IPAV43@PAVtask_group_context@3@@Z 1000b0e0 f i task.obj
 0001:0000a1a0       ?free_nonlocal_small_task@GenericScheduler@internal@tbb@@QAEXAAVtask@3@@Z 1000b1a0 f   task.obj
 0001:0000a270       ?allocate_arena@Arena@internal@tbb@@CAPAV123@III@Z 1000b270 f   task.obj
 0001:0000a410       ?check_if_pool_is_empty@Arena@internal@tbb@@AAE_NXZ 1000b410 f   task.obj
 0001:0000a4d0       ?terminate_workers@Arena@internal@tbb@@AAEXXZ 1000b4d0 f   task.obj
 0001:0000a550       ??0GenericScheduler@internal@tbb@@IAE@PAVArena@12@@Z 1000b550 f   task.obj
 0001:0000a770       ??_EGenericScheduler@internal@tbb@@UAEPAXI@Z 1000b770 f i * CIL library *:* CIL module *
 0001:0000a770       ??_E?$CustomScheduler@UDefaultSchedulerTraits@internal@tbb@@@internal@tbb@@UAEPAXI@Z 1000b770 f i * CIL library *:* CIL module *
 0001:0000a770       ??_GGenericScheduler@internal@tbb@@UAEPAXI@Z 1000b770 f i task.obj
 0001:0000a770       ??_G?$CustomScheduler@UIntelSchedulerTraits@internal@tbb@@@internal@tbb@@UAEPAXI@Z 1000b770 f i task.obj
 0001:0000a770       ??_G?$CustomScheduler@UDefaultSchedulerTraits@internal@tbb@@@internal@tbb@@UAEPAXI@Z 1000b770 f i task.obj
 0001:0000a770       ??_E?$CustomScheduler@UIntelSchedulerTraits@internal@tbb@@@internal@tbb@@UAEPAXI@Z 1000b770 f i * CIL library *:* CIL module *
 0001:0000a7a0       ?propagate_cancellation@GenericScheduler@internal@tbb@@QAEXXZ 1000b7a0 f   task.obj
 0001:0000a810       ?propagate_cancellation@GenericScheduler@internal@tbb@@QAEXPAVtask_group_context@3@@Z 1000b810 f   task.obj
 0001:0000a900       ?grow@GenericScheduler@internal@tbb@@AAEXI@Z 1000b900 f   task.obj
 0001:0000a9f0       ?allocate_scheduler@GenericScheduler@internal@tbb@@SAPAV123@PAVArena@23@@Z 1000b9f0 f   task.obj
 0001:0000aab0       ?free_scheduler@GenericScheduler@internal@tbb@@QAEXXZ 1000bab0 f   task.obj
 0001:0000aca0       ?acquire_task_pool@GenericScheduler@internal@tbb@@ABEXXZ 1000bca0 f i task.obj
 0001:0000ad50       ?lock_task_pool@GenericScheduler@internal@tbb@@ABEPAPAVtask@3@PAUArenaSlot@23@@Z 1000bd50 f i task.obj
 0001:0000ae00       ?prepare_for_spawning@GenericScheduler@internal@tbb@@AAEPAVtask@3@PAV43@@Z 1000be00 f i task.obj
 0001:0000aea0       ?local_spawn@GenericScheduler@internal@tbb@@QAEXAAVtask@3@AAPAV43@@Z 1000bea0 f   task.obj
 0001:0000b2e0       ?local_spawn_root_and_wait@GenericScheduler@internal@tbb@@QAEXAAVtask@3@AAPAV43@@Z 1000c2e0 f   task.obj
 0001:0000b3b0       ?get_mailbox_task@GenericScheduler@internal@tbb@@AAEPAVtask@3@XZ 1000c3b0 f i task.obj
 0001:0000b4b0       ?strip_proxy@GenericScheduler@internal@tbb@@AAEPAVtask@3@PAUtask_proxy@23@@Z 1000c4b0 f i task.obj
 0001:0000b570       ?get_task@GenericScheduler@internal@tbb@@AAEPAVtask@3@XZ 1000c570 f i task.obj
 0001:0000b6a0       ?steal_task@GenericScheduler@internal@tbb@@AAEPAVtask@3@AAUArenaSlot@23@@Z 1000c6a0 f   task.obj
 0001:0000b740       ?do_enter_arena@GenericScheduler@internal@tbb@@AAEXXZ 1000c740 f i task.obj
 0001:0000b740       ?enter_arena@GenericScheduler@internal@tbb@@AAEXXZ 1000c740 f i task.obj
 0001:0000b7a0       ?try_enter_arena@GenericScheduler@internal@tbb@@AAEXXZ 1000c7a0 f   task.obj
 0001:0000b8b0       ?create_worker@GenericScheduler@internal@tbb@@CAPAV123@AAVArena@23@I@Z 1000c8b0 f   task.obj
 0001:0000b950       ?create_master@GenericScheduler@internal@tbb@@CAPAV123@PAVArena@23@@Z 1000c950 f   task.obj
 0001:0000bad0       ?cleanup_master@GenericScheduler@internal@tbb@@AAEXXZ 1000cad0 f   task.obj
 0001:0000bb90       ?process@UnpaddedArenaPrefix@internal@tbb@@EAEXAAVjob@rml@@@Z 1000cb90 f   task.obj
 0001:0000bbd0       ?cleanup@UnpaddedArenaPrefix@internal@tbb@@EAEXAAVjob@rml@@@Z 1000cbd0 f   task.obj
 0001:0000bc00       ?open_connection_to_rml@UnpaddedArenaPrefix@internal@tbb@@IAEXXZ 1000cc00 f   task.obj
 0001:0000bcd0       ?acknowledge_close_connection@UnpaddedArenaPrefix@internal@tbb@@EAEXXZ 1000ccd0 f   task.obj
 0001:0000bce0       ?create_one_job@UnpaddedArenaPrefix@internal@tbb@@EAEPAVjob@rml@@XZ 1000cce0 f   task.obj
 0001:0000bd30       ?allocate@allocate_root_proxy@internal@tbb@@SAAAVtask@3@I@Z 1000cd30 f   task.obj
 0001:0000bd50       ?free@allocate_root_proxy@internal@tbb@@SAXAAVtask@3@@Z 1000cd50 f   task.obj
 0001:0000bda0       ?allocate@allocate_root_with_context_proxy@internal@tbb@@QBEAAVtask@3@I@Z 1000cda0 f   task.obj
 0001:0000be40       ?free@allocate_child_proxy@internal@tbb@@QBEXAAVtask@3@@Z 1000ce40 f   task.obj
 0001:0000be40       ?free@allocate_root_with_context_proxy@internal@tbb@@QBEXAAVtask@3@@Z 1000ce40 f   task.obj
 0001:0000bea0       ?allocate@allocate_continuation_proxy@internal@tbb@@QBEAAVtask@3@I@Z 1000cea0 f   task.obj
 0001:0000bed0       ?free@allocate_continuation_proxy@internal@tbb@@QBEXAAVtask@3@@Z 1000ced0 f   task.obj
 0001:0000bf30       ?allocate@allocate_child_proxy@internal@tbb@@QBEAAVtask@3@I@Z 1000cf30 f   task.obj
 0001:0000bf50       ?allocate@allocate_additional_child_of_proxy@internal@tbb@@QBEAAVtask@3@I@Z 1000cf50 f   task.obj
 0001:0000bf90       ?free@allocate_additional_child_of_proxy@internal@tbb@@QBEXAAVtask@3@@Z 1000cf90 f   task.obj
 0001:0000c030       ?get_initial_auto_partitioner_divisor@internal@tbb@@YAIXZ 1000d030 f   task.obj
 0001:0000c040       ?resize@affinity_partitioner_base_v3@internal@tbb@@AAEXI@Z 1000d040 f   task.obj
 0001:0000c0c0       ?copy_string@tbb@@YAXAAPADPBD@Z 1000d0c0 f i task.obj
 0001:0000c140       ?set@captured_exception@tbb@@QAEXPBD0@Z 1000d140 f   task.obj
 0001:0000c170       ?clear@captured_exception@tbb@@QAEXXZ 1000d170 f   task.obj
 0001:0000c1a0       ?move@captured_exception@tbb@@UAEPAV12@XZ 1000d1a0 f   task.obj
 0001:0000c220       ?destroy@captured_exception@tbb@@UAEXXZ 1000d220 f   task.obj
 0001:0000c270       ?allocate@captured_exception@tbb@@SAPAV12@PBD0@Z 1000d270 f   task.obj
 0001:0000c330       ?what@captured_exception@tbb@@UBEPBDXZ 1000d330 f   task.obj
 0001:0000c340       ?allocate@tbb_exception_ptr@internal@tbb@@SAPAV123@XZ 1000d340 f   task.obj
 0001:0000c340       ?allocate@tbb_exception_ptr@internal@tbb@@SAPAV123@ABVtbb_exception@3@@Z 1000d340 f   task.obj
 0001:0000c3b0       ?allocate@tbb_exception_ptr@internal@tbb@@SAPAV123@AAVcaptured_exception@3@@Z 1000d3b0 f   task.obj
 0001:0000c450       ??1task_group_context@tbb@@QAE@XZ 1000d450 f   task.obj
 0001:0000c4c0       ?init@task_group_context@tbb@@IAEXXZ 1000d4c0 f   task.obj
 0001:0000c510       ?cancel_group_execution@task_group_context@tbb@@QAE_NXZ 1000d510 f   task.obj
 0001:0000c560       ?is_group_execution_cancelled@task_group_context@tbb@@QBE_NXZ 1000d560 f   task.obj
 0001:0000c570       ?reset@task_group_context@tbb@@QAEXXZ 1000d570 f   task.obj
 0001:0000c5b0       ?propagate_cancellation_from_ancestors@task_group_context@tbb@@QAEXXZ 1000d5b0 f   task.obj
 0001:0000c5e0       ?register_pending_exception@task_group_context@tbb@@QAEXXZ 1000d5e0 f   task.obj
 0001:0000c720       ?internal_set_ref_count@task@tbb@@AAEXH@Z 1000d720 f   task.obj
 0001:0000c750       ?internal_decrement_ref_count@task@tbb@@AAEHXZ 1000d750 f   task.obj
 0001:0000c7a0       ?self@task@tbb@@SAAAV12@XZ 1000d7a0 f   task.obj
 0001:0000c7b0       ?is_owned_by_current_thread@task@tbb@@QBE_NXZ 1000d7b0 f   task.obj
 0001:0000c7c0       ?destroy@task@tbb@@QAEXAAV12@@Z 1000d7c0 f   task.obj
 0001:0000c890       ?spawn_and_wait_for_all@task@tbb@@QAEXAAVtask_list@2@@Z 1000d890 f   task.obj
 0001:0000c8e0       ?initialize@task_scheduler_init@tbb@@QAEXH@Z 1000d8e0 f   task.obj
 0001:0000c9f0       ?initialize@task_scheduler_init@tbb@@QAEXHI@Z 1000d9f0 f   task.obj
 0001:0000ca50       ?terminate@task_scheduler_init@tbb@@QAEXXZ 1000da50 f   task.obj
 0001:0000ca70       ?default_num_threads@task_scheduler_init@tbb@@SAHXZ 1000da70 f   task.obj
 0001:0000ca70       ?hardware_concurrency@tbb_thread_v3@internal@tbb@@SAIXZ 1000da70 f   tbb_thread.obj
 0001:0000caa0       ??0observer_proxy@internal@tbb@@AAE@AAVtask_scheduler_observer_v3@12@@Z 1000daa0 f   task.obj
 0001:0000cb00       ?remove_ref_slow@observer_proxy@internal@tbb@@AAEXXZ 1000db00 f   task.obj
 0001:0000cbd0       ?process_list@observer_proxy@internal@tbb@@SAPAV123@PAV123@_N1@Z 1000dbd0 f   task.obj
 0001:0000cd80       ?observe@task_scheduler_observer_v3@internal@tbb@@QAEX_N@Z 1000dd80 f   task.obj
 0001:0000cec0       ?wait_for_all@?$CustomScheduler@UDefaultSchedulerTraits@internal@tbb@@@internal@tbb@@EAEXAAVtask@3@PAV43@@Z 1000dec0 f i task.obj
 0001:0000cee0       ?wait_for_all@?$CustomScheduler@UIntelSchedulerTraits@internal@tbb@@@internal@tbb@@EAEXAAVtask@3@PAV43@@Z 1000dee0 f i task.obj
 0001:0000cf00       ??1?$fast_reverse_vector@PAVtask@tbb@@$0BA@@internal@tbb@@QAE@XZ 1000df00 f i task.obj
 0001:0000cf40       ?copy_memory@?$fast_reverse_vector@PAVtask@tbb@@$0BA@@internal@tbb@@QBEXPAPAVtask@3@@Z 1000df40 f i task.obj
 0001:0000cfc0       ??$make_exception_ptr@Vcaptured_exception@tbb@@@std@@YA?AVexception_ptr@0@Vcaptured_exception@tbb@@@Z 1000dfc0 f i task.obj
 0001:0000d050       ?local_wait_for_all@?$CustomScheduler@UDefaultSchedulerTraits@internal@tbb@@@internal@tbb@@AAEXAAVtask@3@PAV43@@Z 1000e050 f i task.obj
 0001:0000d5e0       ?local_wait_for_all@?$CustomScheduler@UIntelSchedulerTraits@internal@tbb@@@internal@tbb@@AAEXAAVtask@3@PAV43@@Z 1000e5e0 f i task.obj
 0001:0000dab0       ??$AllocateExceptionContainer@Vexception_ptr@std@@@internal@tbb@@YAPAVtbb_exception_ptr@01@ABVexception_ptr@std@@@Z 1000eab0 f i task.obj
 0001:0000db40       ??$free_task@$0A@@GenericScheduler@internal@tbb@@QAEXAAVtask@2@@Z 1000eb40 f i task.obj
 0001:0000dbb0       ?tally_completion_of_one_predecessor@?$CustomScheduler@UDefaultSchedulerTraits@internal@tbb@@@internal@tbb@@CA_NAAVtask@3@@Z 1000ebb0 f i task.obj
 0001:0000dc10       ?tally_completion_of_one_predecessor@?$CustomScheduler@UIntelSchedulerTraits@internal@tbb@@@internal@tbb@@CA_NAAVtask@3@@Z 1000ec10 f i task.obj
 0001:0000dc50       ?set_assertion_handler@tbb@@YAP6AXPBDH00@ZP6AX0H00@Z@Z 1000ec50 f   tbb_misc.obj
 0001:0000dc70       ?assertion_failure@tbb@@YAXPBDH00@Z 1000ec70 f   tbb_misc.obj
 0001:0000dcf0       ?runtime_warning@internal@tbb@@YAXPBDZZ 1000ecf0 f   tbb_misc.obj
 0001:0000dd60       ?handle_perror@internal@tbb@@YAXHPBD@Z 1000ed60 f   tbb_misc.obj
 0001:0000de00       ?throw_bad_last_alloc_exception_v4@internal@tbb@@YAXXZ 1000ee00 f   tbb_misc.obj
 0001:0000de40       ?PrintRMLVersionInfo@internal@tbb@@YAXPAXPBD@Z 1000ee40 f   tbb_misc.obj
 0001:0000de80       _TBB_runtime_interface_version 1000ee80 f   tbb_misc.obj
 0001:0000de90       ___TBB_machine_store8_slow 1000ee90 f   tbb_misc.obj
 0001:0000df10       ?handle_win_error@internal@tbb@@YAXH@Z 1000ef10 f   tbb_thread.obj
 0001:0000dfd0       ?join@tbb_thread_v3@internal@tbb@@QAEXXZ 1000efd0 f   tbb_thread.obj
 0001:0000e030       ?detach@tbb_thread_v3@internal@tbb@@QAEXXZ 1000f030 f   tbb_thread.obj
 0001:0000e060       ?internal_start@tbb_thread_v3@internal@tbb@@AAEXP6GIPAX@Z0@Z 1000f060 f   tbb_thread.obj
 0001:0000e0b0       ?thread_get_id_v3@internal@tbb@@YA?AVid@tbb_thread_v3@12@XZ 1000f0b0 f   tbb_thread.obj
 0001:0000e0d0       ?move_v3@internal@tbb@@YAXAAVtbb_thread_v3@12@0@Z 1000f0d0 f   tbb_thread.obj
 0001:0000e120       ?thread_sleep_v3@internal@tbb@@YAXABVinterval_t@tick_count@2@@Z 1000f120 f   tbb_thread.obj
 0001:0000e220       ___TBB_machine_fetchadd1   1000f220     atomic_support.obj
 0001:0000e230       ___TBB_machine_fetchstore1 1000f230     atomic_support.obj
 0001:0000e23c       ___TBB_machine_cmpswp1     1000f23c     atomic_support.obj
 0001:0000e250       ___TBB_machine_fetchadd2   1000f250     atomic_support.obj
 0001:0000e260       ___TBB_machine_fetchstore2 1000f260     atomic_support.obj
 0001:0000e270       ___TBB_machine_cmpswp2     1000f270     atomic_support.obj
 0001:0000e284       ___TBB_machine_fetchadd4   1000f284     atomic_support.obj
 0001:0000e294       ___TBB_machine_fetchstore4 1000f294     atomic_support.obj
 0001:0000e2a0       ___TBB_machine_cmpswp4     1000f2a0     atomic_support.obj
 0001:0000e2b4       ___TBB_machine_fetchadd8   1000f2b4     atomic_support.obj
 0001:0000e2d4       ___TBB_machine_fetchstore8 1000f2d4     atomic_support.obj
 0001:0000e2f0       ___TBB_machine_cmpswp8     1000f2f0     atomic_support.obj
 0001:0000e310       ___TBB_machine_load8       1000f310     atomic_support.obj
 0001:0000e344       ___TBB_machine_store8      1000f344     atomic_support.obj
 0001:0000e360       ___TBB_machine_trylockbyte 1000f360     lock_byte.obj
 0001:0000e37b       ??_U@YAPAXI@Z              1000f37b f   msvcprt:newaop_s.obj
 0001:0000e384       @__security_check_cookie@4 1000f384 f   MSVCRT:secchk.obj
 0001:0000e394       __purecall                 1000f394 f   MSVCRT:MSVCR120.dll
 0001:0000e39a       ??3@YAXPAX@Z               1000f39a f   MSVCRT:MSVCR120.dll
 0001:0000e3a0       ??_Etype_info@@UAEPAXI@Z   1000f3a0 f i MSVCRT:ti_inst.obj
 0001:0000e3ea       ??2@YAPAXI@Z               1000f3ea f   MSVCRT:MSVCR120.dll
 0001:0000e3f0       ?what@exception@std@@UBEPBDXZ 1000f3f0 f   MSVCRT:MSVCR120.dll
 0001:0000e3f6       ??0exception@std@@QAE@ABV01@@Z 1000f3f6 f   MSVCRT:MSVCR120.dll
 0001:0000e3fc       ___atonexitinit            1000f3fc f   MSVCRT:atonexit.obj
 0001:0000e438       __onexit                   1000f438 f   MSVCRT:atonexit.obj
 0001:0000e4e1       _atexit                    1000f4e1 f   MSVCRT:atonexit.obj
 0001:0000e4f6       ___raise_securityfailure   1000f4f6 f   MSVCRT:gs_report.obj
 0001:0000e533       ___report_gsfailure        1000f533 f   MSVCRT:gs_report.obj
 0001:0000e62e       ___report_rangecheckfailure 1000f62e f   MSVCRT:gs_report.obj
 0001:0000e63a       ___report_securityfailure  1000f63a f   MSVCRT:gs_report.obj
 0001:0000e70a       ___clean_type_info_names   1000f70a f   MSVCRT:tncleanup.obj
 0001:0000e762       __CRT_INIT@12              1000f762 f   MSVCRT:crtdll.obj
 0001:0000e959       __DllMainCRTStartup@12     1000f959 f   MSVCRT:crtdll.obj
 0001:0000eaaf       ??_M@YGXPAXIHP6EX0@Z@Z     1000faaf f   MSVCRT:ehvecdtr.obj
 0001:0000eb1e       ?__ArrayUnwind@@YGXPAXIHP6EX0@Z@Z 1000fb1e f   MSVCRT:ehvecdtr.obj
 0001:0000eb7c       ??1type_info@@UAE@XZ       1000fb7c f   MSVCRT:MSVCR120.dll
 0001:0000eb82       __lock                     1000fb82 f   MSVCRT:MSVCR120.dll
 0001:0000eb88       __unlock                   1000fb88 f   MSVCRT:MSVCR120.dll
 0001:0000eb8e       ___dllonexit               1000fb8e f   MSVCRT:MSVCR120.dll
 0001:0000eba0       __SEH_prolog4              1000fba0 f   MSVCRT:sehprolg4.obj
 0001:0000ebe5       __SEH_epilog4              1000fbe5 f   MSVCRT:sehprolg4.obj
 0001:0000ebf9       __except_handler4          1000fbf9 f   MSVCRT:chandler4gs.obj
 0001:0000ec1c       __crt_debugger_hook        1000fc1c f   MSVCRT:MSVCR120.dll
 0001:0000ec22       ___crtUnhandledException   1000fc22 f   MSVCRT:MSVCR120.dll
 0001:0000ec28       ___crtTerminateProcess     1000fc28 f   MSVCRT:MSVCR120.dll
 0001:0000ec2e       ___clean_type_info_names_internal 1000fc2e f   MSVCRT:MSVCR120.dll
 0001:0000ec34       ___CppXcptFilter           1000fc34 f   MSVCRT:MSVCR120.dll
 0001:0000ec3a       __amsg_exit                1000fc3a f   MSVCRT:MSVCR120.dll
 0001:0000ec40       __FindPESection            1000fc40 f   MSVCRT:pesect.obj
 0001:0000ec90       __IsNonwritableInCurrentImage 1000fc90 f   MSVCRT:pesect.obj
 0001:0000ed50       __ValidateImageBase        1000fd50 f   MSVCRT:pesect.obj
 0001:0000ed81       ___security_init_cookie    1000fd81 f   MSVCRT:gs_support.obj
 0001:0000ee1d       __RTC_Initialize           1000fe1d f   MSVCRT:initsect.obj
 0001:0000ee3d       __RTC_Terminate            1000fe3d f   MSVCRT:initsect.obj
 0001:0000ee5e       __initterm                 1000fe5e f   MSVCRT:MSVCR120.dll
 0001:0000ee64       __initterm_e               1000fe64 f   MSVCRT:MSVCR120.dll
 0001:0000ee6a       ?terminate@@YAXXZ          1000fe6a f   MSVCRT:MSVCR120.dll
 0001:0000ee70       __except_handler4_common   1000fe70 f   MSVCRT:MSVCR120.dll
 0001:0000ee76       _IsProcessorFeaturePresent@4 1000fe76 f   kernel32:KERNEL32.dll
 0001:0000ee7c       __CxxThrowException@8      1000fe7c f   MSVCRT:MSVCR120.dll
 0001:0000ee82       ___CxxFrameHandler3        1000fe82 f   MSVCRT:MSVCR120.dll
 0001:0000ee90       __alloca_probe_16          1000fe90 f   MSVCRT:alloca16.obj
 0001:0000eea6       __alloca_probe_8           1000fea6     MSVCRT:alloca16.obj
 0001:0000eec0       __ftoui3                   1000fec0 f   MSVCRT:ftol3.obj
 0001:0000eecf       __ftoul3                   1000fecf f   MSVCRT:ftol3.obj
 0001:0000eede       __ftol3                    1000fede f   MSVCRT:ftol3.obj
 0001:0000eeeb       __ftol3_NaN                1000feeb f   MSVCRT:ftol3.obj
 0001:0000ef03       __ftol3_work               1000ff03 f   MSVCRT:ftol3.obj
 0001:0000ef89       __ftol3_common             1000ff89 f   MSVCRT:ftol3.obj
 0001:0000f04b       __ftol3_arg_error          1001004b f   MSVCRT:ftol3.obj
 0001:0000f05d       __ftol3_except             1001005d f   MSVCRT:ftol3.obj
 0001:0000f0a1       __dtoui3                   100100a1 f   MSVCRT:ftol3.obj
 0001:0000f0b0       __dtoul3                   100100b0 f   MSVCRT:ftol3.obj
 0001:0000f0bf       __dtol3                    100100bf f   MSVCRT:ftol3.obj
 0001:0000f0cc       __dtol3_NaN                100100cc f   MSVCRT:ftol3.obj
 0001:0000f0e9       __dtol3_work               100100e9 f   MSVCRT:ftol3.obj
 0001:0000f1ce       __ultod3                   100101ce f   MSVCRT:ftol3.obj
 0001:0000f25f       __ltod3                    1001025f f   MSVCRT:ftol3.obj
 0001:0000f28e       _memcpy                    1001028e f   MSVCRT:MSVCR120.dll
 0001:0000f294       _memset                    10010294 f   MSVCRT:MSVCR120.dll
 0001:0000f2a0       __alloca_probe             100102a0 f   MSVCRT:chkstk.obj
 0001:0000f2a0       __chkstk                   100102a0 f   MSVCRT:chkstk.obj
 0001:0000f2cc       __except1                  100102cc f   MSVCRT:MSVCR120.dll
 0002:00000000       __imp__SwitchToThread@0    10011000     kernel32:KERNEL32.dll
 0002:00000004       __imp__WaitForSingleObject@8 10011004     kernel32:KERNEL32.dll
 0002:00000008       __imp__SetEvent@4          10011008     kernel32:KERNEL32.dll
 0002:0000000c       __imp__InitializeCriticalSection@4 1001100c     kernel32:KERNEL32.dll
 0002:00000010       __imp__LeaveCriticalSection@4 10011010     kernel32:KERNEL32.dll
 0002:00000014       __imp__EnterCriticalSection@4 10011014     kernel32:KERNEL32.dll
 0002:00000018       __imp__ResetEvent@4        10011018     kernel32:KERNEL32.dll
 0002:0000001c       __imp__CreateEventW@16     1001101c     kernel32:KERNEL32.dll
 0002:00000020       __imp__DeleteCriticalSection@4 10011020     kernel32:KERNEL32.dll
 0002:00000024       __imp__CloseHandle@4       10011024     kernel32:KERNEL32.dll
 0002:00000028       __imp__SetErrorMode@4      10011028     kernel32:KERNEL32.dll
 0002:0000002c       __imp__FreeLibrary@4       1001102c     kernel32:KERNEL32.dll
 0002:00000030       __imp__GetProcAddress@8    10011030     kernel32:KERNEL32.dll
 0002:00000034       __imp__LoadLibraryA@4      10011034     kernel32:KERNEL32.dll
 0002:00000038       __imp__GetModuleHandleA@4  10011038     kernel32:KERNEL32.dll
 0002:0000003c       __imp__GetEnvironmentVariableA@12 1001103c     kernel32:KERNEL32.dll
 0002:00000040       __imp__TryEnterCriticalSection@4 10011040     kernel32:KERNEL32.dll
 0002:00000044       __imp__CreateEventA@16     10011044     kernel32:KERNEL32.dll
 0002:00000048       __imp__TlsGetValue@4       10011048     kernel32:KERNEL32.dll
 0002:0000004c       __imp__TlsSetValue@8       1001104c     kernel32:KERNEL32.dll
 0002:00000050       __imp__GetSystemInfo@4     10011050     kernel32:KERNEL32.dll
 0002:00000054       __imp__TlsAlloc@0          10011054     kernel32:KERNEL32.dll
 0002:00000058       __imp__TlsFree@4           10011058     kernel32:KERNEL32.dll
 0002:0000005c       __imp__QueryPerformanceCounter@4 1001105c     kernel32:KERNEL32.dll
 0002:00000060       __imp__FormatMessageA@28   10011060     kernel32:KERNEL32.dll
 0002:00000064       __imp__Sleep@4             10011064     kernel32:KERNEL32.dll
 0002:00000068       __imp__GetLastError@0      10011068     kernel32:KERNEL32.dll
 0002:0000006c       __imp__QueryPerformanceFrequency@4 1001106c     kernel32:KERNEL32.dll
 0002:00000070       __imp__GetCurrentThreadId@0 10011070     kernel32:KERNEL32.dll
 0002:00000074       __imp__LocalFree@4         10011074     kernel32:KERNEL32.dll
 0002:00000078       __imp__GetCurrentProcessId@0 10011078     kernel32:KERNEL32.dll
 0002:0000007c       __imp__IsProcessorFeaturePresent@4 1001107c     kernel32:KERNEL32.dll
 0002:00000080       __imp__IsDebuggerPresent@0 10011080     kernel32:KERNEL32.dll
 0002:00000084       __imp__DecodePointer@4     10011084     kernel32:KERNEL32.dll
 0002:00000088       __imp__EncodePointer@4     10011088     kernel32:KERNEL32.dll
 0002:0000008c       __imp__GetSystemTimeAsFileTime@4 1001108c     kernel32:KERNEL32.dll
 0002:00000090       \177KERNEL32_NULL_THUNK_DATA 10011090     kernel32:KERNEL32.dll
 0002:00000094       __imp_?_Syserror_map@std@@YAPBDH@Z 10011094     msvcprt:MSVCP120.dll
 0002:00000098       __imp_?_Xbad_alloc@std@@YAXXZ 10011098     msvcprt:MSVCP120.dll
 0002:0000009c       __imp_?_Xout_of_range@std@@YAXPBD@Z 1001109c     msvcprt:MSVCP120.dll
 0002:000000a0       __imp_?_Xlength_error@std@@YAXPBD@Z 100110a0     msvcprt:MSVCP120.dll
 0002:000000a4       __imp_?_Winerror_map@std@@YAPBDH@Z 100110a4     msvcprt:MSVCP120.dll
 0002:000000a8       \177MSVCP120_NULL_THUNK_DATA 100110a8     msvcprt:MSVCP120.dll
 0002:000000ac       __imp_??0exception@std@@QAE@ABV01@@Z 100110ac     MSVCRT:MSVCR120.dll
 0002:000000b0       __imp__memmove             100110b0     MSVCRT:MSVCR120.dll
 0002:000000b4       __imp___wassert            100110b4     MSVCRT:MSVCR120.dll
 0002:000000b8       __imp_??0exception@std@@QAE@ABQBDH@Z 100110b8     MSVCRT:MSVCR120.dll
 0002:000000bc       __imp_??0exception@std@@QAE@ABQBD@Z 100110bc     MSVCRT:MSVCR120.dll
 0002:000000c0       __imp__malloc              100110c0     MSVCRT:MSVCR120.dll
 0002:000000c4       __imp____iob_func          100110c4     MSVCRT:MSVCR120.dll
 0002:000000c8       __imp___beginthreadex      100110c8     MSVCRT:MSVCR120.dll
 0002:000000cc       __imp__fprintf             100110cc     MSVCRT:MSVCR120.dll
 0002:000000d0       __imp__exit                100110d0     MSVCRT:MSVCR120.dll
 0002:000000d4       __imp_?__ExceptionPtrCurrentException@@YAXPAX@Z 100110d4     MSVCRT:MSVCR120.dll
 0002:000000d8       __imp_??0exception@std@@QAE@XZ 100110d8     MSVCRT:MSVCR120.dll
 0002:000000dc       __imp_?__ExceptionPtrCopy@@YAXPAXPBX@Z 100110dc     MSVCRT:MSVCR120.dll
 0002:000000e0       __imp_?name@type_info@@QBEPBDPAU__type_info_node@@@Z 100110e0     MSVCRT:MSVCR120.dll
 0002:000000e4       __imp_?__ExceptionPtrCopyException@@YAXPAXPBX1@Z 100110e4     MSVCRT:MSVCR120.dll
 0002:000000e8       __imp_?__ExceptionPtrDestroy@@YAXPAX@Z 100110e8     MSVCRT:MSVCR120.dll
 0002:000000ec       __imp__strncpy             100110ec     MSVCRT:MSVCR120.dll
 0002:000000f0       __imp_??_V@YAXPAX@Z        100110f0     MSVCRT:MSVCR120.dll
 0002:000000f4       __imp____RTtypeid          100110f4     MSVCRT:MSVCR120.dll
 0002:000000f8       __imp_?__ExceptionPtrCreate@@YAXPAX@Z 100110f8     MSVCRT:MSVCR120.dll
 0002:000000fc       __imp_?__ExceptionPtrRethrow@@YAXPBX@Z 100110fc     MSVCRT:MSVCR120.dll
 0002:00000100       __imp__abort               10011100     MSVCRT:MSVCR120.dll
 0002:00000104       __imp_??1exception@std@@UAE@XZ 10011104     MSVCRT:MSVCR120.dll
 0002:00000108       __imp__strerror            10011108     MSVCRT:MSVCR120.dll
 0002:0000010c       __imp__fputs               1001110c     MSVCRT:MSVCR120.dll
 0002:00000110       __imp__strchr              10011110     MSVCRT:MSVCR120.dll
 0002:00000114       __imp__fflush              10011114     MSVCRT:MSVCR120.dll
 0002:00000118       __imp__getenv              10011118     MSVCRT:MSVCR120.dll
 0002:0000011c       __imp___errno              1001111c     MSVCRT:MSVCR120.dll
 0002:00000120       __imp_??1type_info@@UAE@XZ 10011120     MSVCRT:MSVCR120.dll
 0002:00000124       __imp___lock               10011124     MSVCRT:MSVCR120.dll
 0002:00000128       __imp___unlock             10011128     MSVCRT:MSVCR120.dll
 0002:0000012c       __imp___calloc_crt         1001112c     MSVCRT:MSVCR120.dll
 0002:00000130       __imp____dllonexit         10011130     MSVCRT:MSVCR120.dll
 0002:00000134       __imp___onexit             10011134     MSVCRT:MSVCR120.dll
 0002:00000138       __imp___crt_debugger_hook  10011138     MSVCRT:MSVCR120.dll
 0002:0000013c       __imp____crtUnhandledException 1001113c     MSVCRT:MSVCR120.dll
 0002:00000140       __imp____crtTerminateProcess 10011140     MSVCRT:MSVCR120.dll
 0002:00000144       __imp____clean_type_info_names_internal 10011144     MSVCRT:MSVCR120.dll
 0002:00000148       __imp__vsnprintf           10011148     MSVCRT:MSVCR120.dll
 0002:00000148       __imp___vsnprintf          10011148     MSVCRT:MSVCR120.dll
 0002:0000014c       __imp____CppXcptFilter     1001114c     MSVCRT:MSVCR120.dll
 0002:00000150       __imp___amsg_exit          10011150     MSVCRT:MSVCR120.dll
 0002:00000154       __imp___malloc_crt         10011154     MSVCRT:MSVCR120.dll
 0002:00000158       __imp___initterm           10011158     MSVCRT:MSVCR120.dll
 0002:0000015c       __imp___initterm_e         1001115c     MSVCRT:MSVCR120.dll
 0002:00000160       __imp_?terminate@@YAXXZ    10011160     MSVCRT:MSVCR120.dll
 0002:00000164       __imp___except_handler4_common 10011164     MSVCRT:MSVCR120.dll
 0002:00000168       __imp_?what@exception@std@@UBEPBDXZ 10011168     MSVCRT:MSVCR120.dll
 0002:0000016c       __imp_??2@YAPAXI@Z         1001116c     MSVCRT:MSVCR120.dll
 0002:00000170       __imp_??3@YAXPAX@Z         10011170     MSVCRT:MSVCR120.dll
 0002:00000174       __imp___purecall           10011174     MSVCRT:MSVCR120.dll
 0002:00000178       __imp__sprintf             10011178     MSVCRT:MSVCR120.dll
 0002:0000017c       __imp__free                1001117c     MSVCRT:MSVCR120.dll
 0002:00000180       __imp___CxxThrowException@8 10011180     MSVCRT:MSVCR120.dll
 0002:00000184       __imp____CxxFrameHandler3  10011184     MSVCRT:MSVCR120.dll
 0002:00000188       __imp__memcpy              10011188     MSVCRT:MSVCR120.dll
 0002:0000018c       __imp__memset              1001118c     MSVCRT:MSVCR120.dll
 0002:00000190       __imp___except1            10011190     MSVCRT:MSVCR120.dll
 0002:00000194       \177MSVCR120_NULL_THUNK_DATA 10011194     MSVCRT:MSVCR120.dll
 0002:00000198       ___xc_a                    10011198     MSVCRT:cinitexe.obj
 0002:000001b4       ___xc_z                    100111b4     MSVCRT:cinitexe.obj
 0002:000001b8       ___xi_a                    100111b8     MSVCRT:cinitexe.obj
 0002:000001c4       ___xi_z                    100111c4     MSVCRT:cinitexe.obj
 0002:0000020c       ??_7type_info@@6B@         1001120c     MSVCRT:ti_inst.obj
 0002:00000218       __pDefaultRawDllMain       10011218     MSVCRT:crtdll.obj
 0002:00000218       __pRawDllMain              10011218     MSVCRT:crtdll.obj
 0002:00000220       ??_7concurrent_queue_base@internal@tbb@@6B@ 10011220     concurrent_queue_v2.obj
 0002:0000022c       ??_C@_07DCLBNMLN@generic?$AA@ 1001122c     concurrent_vector_v2.obj
 0002:00000234       ??_C@_0O@BFJCFAAK@unknown?5error?$AA@ 10011234     concurrent_vector_v2.obj
 0002:00000244       ??_C@_08LLGCOLLL@iostream?$AA@ 10011244     concurrent_vector_v2.obj
 0002:00000250       ??_C@_0BG@PADBLCHM@iostream?5stream?5error?$AA@ 10011250     concurrent_vector_v2.obj
 0002:00000268       ??_C@_06FHFOAHML@system?$AA@ 10011268     concurrent_vector_v2.obj
 0002:00000270       ??_C@_0EL@IIMPHBHP@argument?5to?5ConcurrentVector?3?3re@ 10011270     concurrent_vector_v2.obj
 0002:000002bc       ??_C@_0BA@JFNIOLAK@string?5too?5long?$AA@ 100112bc     concurrent_vector_v2.obj
 0002:000002cc       ??_C@_0BI@CFPLBAOH@invalid?5string?5position?$AA@ 100112cc     concurrent_vector_v2.obj
 0002:000002e8       ??_7_Generic_error_category@std@@6B@ 100112e8     concurrent_vector_v2.obj
 0002:00000304       ??_7length_error@std@@6B@  10011304     concurrent_vector_v2.obj
 0002:00000310       ??_7logic_error@std@@6B@   10011310     concurrent_vector_v2.obj
 0002:0000031c       ??_7_System_error_category@std@@6B@ 1001131c     concurrent_vector_v2.obj
 0002:00000338       ??_7_Iostream_error_category@std@@6B@ 10011338     concurrent_vector_v2.obj
 0002:00000354       ??_7error_category@std@@6B@ 10011354     concurrent_vector_v2.obj
 0002:00000370       ??_C@_1IA@JNGAAOPM@?$AAc?$AA?3?$AA?2?$AAu?$AAs?$AAe?$AAr?$AAs?$AA?2?$AAj?$AAa?$AAk?$AAo?$AAb?$AA?2?$AAc?$AAl?$AAa?$AAs?$AAs?$AAi?$AAc?$AA?9?$AAw?$AAo?$AAw?$AA?2?$AAd?$AAe?$AAp?$AA?2?$AAt@ 10011370     rml_tbb.obj
 0002:000003f0       ??_C@_1CA@KJKLIMDC@?$AA?$CB?$AAl?$AAi?$AAb?$AAr?$AAa?$AAr?$AAy?$AA_?$AAh?$AAa?$AAn?$AAd?$AAl?$AAe?$AA?$AA@ 100113f0     rml_tbb.obj
 0002:00000410       ??_C@_0BD@CAMIMILA@__RML_open_factory?$AA@ 10011410     rml_tbb.obj
 0002:00000424       ??_C@_0BG@HALCIFOA@__TBB_make_rml_server?$AA@ 10011424     rml_tbb.obj
 0002:0000043c       ??_C@_0BE@HJHNNOAB@__RML_close_factory?$AA@ 1001143c     rml_tbb.obj
 0002:00000450       ??_C@_0BP@ODNGMCC@__TBB_call_with_my_server_info?$AA@ 10011450     rml_tbb.obj
 0002:00000470       ??_C@_08NACEEPJJ@irml?4dll?$AA@ 10011470     rml_tbb.obj
 0002:0000047c       ??_C@_1CO@IHOGEOPG@?$AAm?$AAy?$AA_?$AAm?$AAa?$AAk?$AAe?$AA_?$AAs?$AAe?$AAr?$AAv?$AAe?$AAr?$AA_?$AAr?$AAo?$AAu?$AAt?$AAi?$AAn?$AAe?$AA?$AA@ 1001147c     rml_tbb.obj
 0002:000004b0       ??_C@_1EC@MNIBIBPN@?$AAm?$AAy?$AA_?$AAc?$AAa?$AAl?$AAl?$AA_?$AAw?$AAi?$AAt?$AAh?$AA_?$AAs?$AAe?$AAr?$AAv?$AAe?$AAr?$AA_?$AAi?$AAn?$AAf?$AAo?$AA_?$AAr?$AAo?$AAu?$AAt?$AAi?$AAn?$AAe@ 100114b0     rml_tbb.obj
 0002:000004f4       ??_C@_0P@GHFPNOJB@bad?5allocation?$AA@ 100114f4     cache_aligned_allocator.obj
 0002:00000504       ??_C@_0BA@NAPEMIJE@scalable_malloc?$AA@ 10011504     cache_aligned_allocator.obj
 0002:00000514       ??_C@_0O@IMDKFEIF@scalable_free?$AA@ 10011514     cache_aligned_allocator.obj
 0002:00000524       ??_C@_0O@FOJJPCPH@tbbmalloc?4dll?$AA@ 10011524     cache_aligned_allocator.obj
 0002:00000534       ??_C@_06GLDDLHNF@malloc?$AA@ 10011534     cache_aligned_allocator.obj
 0002:0000053c       ??_C@_09MCKBLNND@ALLOCATOR?$AA@ 1001153c     cache_aligned_allocator.obj
 0002:0000054c       ??_7bad_alloc@std@@6B@     1001154c     cache_aligned_allocator.obj
 0002:00000578       ?SyncType_GlobalLock@tbb@@3PB_WB 10011578     task.obj
 0002:0000057c       ?SyncObj_TaskPoolSpinning@tbb@@3PB_WB 1001157c     task.obj
 0002:00000580       ?SyncObj_WorkerLifeCycleMgmt@tbb@@3PB_WB 10011580     task.obj
 0002:00000584       ?SyncObj_ContextsList@tbb@@3PB_WB 10011584     task.obj
 0002:00000588       ?SyncObj_SchedulerInitialization@tbb@@3PB_WB 10011588     task.obj
 0002:0000058c       ?SyncObj_WorkerTaskPool@tbb@@3PB_WB 1001158c     task.obj
 0002:00000690       ?SyncObj_Mailbox@tbb@@3PB_WB 10011690     task.obj
 0002:00000694       ?SyncObj_SchedulersList@tbb@@3PB_WB 10011694     task.obj
 0002:00000698       ?SyncObj_TaskStealingLoop@tbb@@3PB_WB 10011698     task.obj
 0002:0000069c       ?SyncObj_MasterTaskPool@tbb@@3PB_WB 1001169c     task.obj
 0002:000006a0       ?SyncType_Scheduler@tbb@@3PB_WB 100116a0     task.obj
 0002:000006a4       ?SyncObj_TaskReturnList@tbb@@3PB_WB 100116a4     task.obj
 0002:00000744       ??_C@_0DB@EHGGIPPP@bad?5allocation?5in?5previous?5or?5co@ 10011744     concurrent_queue.obj
 0002:0000077c       ??_7concurrent_queue_base_v3@internal@tbb@@6B@ 1001177c     concurrent_queue.obj
 0002:00000798       ??_7bad_last_alloc@tbb@@6B@ 10011798     concurrent_queue.obj
 0002:000007a0       ??_C@_0CC@LGDCOMIO@Index?5out?5of?5requested?5size?5rang@ 100117a0     concurrent_vector.obj
 0002:000007c4       ??_C@_0CF@FOAMFCKF@Index?5out?5of?5allocated?5segment?5s@ 100117c4     concurrent_vector.obj
 0002:000007ec       ??_C@_0BH@JPEMMDHK@Index?5is?5not?5allocated?$AA@ 100117ec     concurrent_vector.obj
 0002:00000808       ??_C@_0EN@BNMJDMF@argument?5to?5concurrent_vector?3?3r@ 10011808     concurrent_vector.obj
 0002:0000085c       ??_7runtime_error@std@@6B@ 1001185c     concurrent_vector.obj
 0002:00000868       ??_7out_of_range@std@@6B@  10011868     concurrent_vector.obj
 0002:00000874       ??_7range_error@std@@6B@   10011874     concurrent_vector.obj
 0002:0000087c       ??_C@_0BB@GHDLJDEE@libittnotify?4dll?$AA@ 1001187c     itt_notify_proxy.obj
 0002:00000890       ??_C@_0BF@GACDPIDA@INTEL_LIBITTNOTIFY32?$AA@ 10011890     itt_notify_proxy.obj
 0002:000008a8       ??_C@_07MMBOFDEG@control?$AA@ 100118a8     itt_notify_proxy.obj
 0002:000008b0       ??_C@_06FJHNOCKE@thread?$AA@ 100118b0     itt_notify_proxy.obj
 0002:000008b8       ??_C@_04KJJCFCK@mark?$AA@  100118b8     itt_notify_proxy.obj
 0002:000008c0       ??_C@_04JNABKDKF@sync?$AA@ 100118c0     itt_notify_proxy.obj
 0002:000008c8       ??_C@_05DEEMBJFM@fsync?$AA@ 100118c8     itt_notify_proxy.obj
 0002:000008d0       ??_C@_03IGHFHLNJ@jit?$AA@  100118d0     itt_notify_proxy.obj
 0002:000008d4       ??_C@_03NFKEKGGK@all?$AA@  100118d4     itt_notify_proxy.obj
 0002:000008d8       ??_C@_0BB@MEEBFJKA@KMP_FOR_TPROFILE?$AA@ 100118d8     itt_notify_proxy.obj
 0002:000008ec       ??_C@_0P@PHKFPIJA@KMP_FOR_TCHECK?$AA@ 100118ec     itt_notify_proxy.obj
 0002:000008fc       ??_C@_0M@OBBFCECB@__itt_pause?$AA@ 100118fc     itt_notify_proxy.obj
 0002:00000908       ??_C@_0N@PMDEDCGD@__itt_resume?$AA@ 10011908     itt_notify_proxy.obj
 0002:00000918       ??_C@_0M@CAFHBOLD@__itt_markA?$AA@ 10011918     itt_notify_proxy.obj
 0002:00000924       ??_C@_0M@DMMPKLGE@__itt_markW?$AA@ 10011924     itt_notify_proxy.obj
 0002:00000930       ??_C@_0BD@MBBPNJCH@__itt_mark_globalA?$AA@ 10011930     itt_notify_proxy.obj
 0002:00000944       ??_C@_0BD@NNIHGMPA@__itt_mark_globalW?$AA@ 10011944     itt_notify_proxy.obj
 0002:00000958       ??_C@_0BH@NLDAAGM@__itt_thread_set_nameA?$AA@ 10011958     itt_notify_proxy.obj
 0002:00000970       ??_C@_0BH@BBCLLFLL@__itt_thread_set_nameW?$AA@ 10011970     itt_notify_proxy.obj
 0002:00000988       ??_C@_0BD@PFHNCEK@__itt_sync_createA?$AA@ 10011988     itt_notify_proxy.obj
 0002:0000099c       ??_C@_0BD@BDMPGHJN@__itt_sync_createW?$AA@ 1001199c     itt_notify_proxy.obj
 0002:000009b0       ??_C@_0BD@FKOJKJGJ@__itt_sync_renameA?$AA@ 100119b0     itt_notify_proxy.obj
 0002:000009c4       ??_C@_0BD@EGHBBMLO@__itt_sync_renameW?$AA@ 100119c4     itt_notify_proxy.obj
 0002:000009d8       ??_C@_0BD@OFAHOGJG@__itt_sync_destroy?$AA@ 100119d8     itt_notify_proxy.obj
 0002:000009ec       ??_C@_0P@CFDOAOOE@__itt_mark_off?$AA@ 100119ec     itt_notify_proxy.obj
 0002:000009fc       ??_C@_0BG@CDJIJGAC@__itt_mark_global_off?$AA@ 100119fc     itt_notify_proxy.obj
 0002:00000a14       ??_C@_0BE@GBGGMKDN@__itt_thread_ignore?$AA@ 10011a14     itt_notify_proxy.obj
 0002:00000a28       ??_C@_0BD@CPKFKJEO@__itt_sync_prepare?$AA@ 10011a28     itt_notify_proxy.obj
 0002:00000a3c       ??_C@_0BC@MCENPEOO@__itt_sync_cancel?$AA@ 10011a3c     itt_notify_proxy.obj
 0002:00000a50       ??_C@_0BE@GIFMGCLF@__itt_sync_acquired?$AA@ 10011a50     itt_notify_proxy.obj
 0002:00000a64       ??_C@_0BF@DIEOIMOH@__itt_sync_releasing?$AA@ 10011a64     itt_notify_proxy.obj
 0002:00000a7c       ??_C@_0BE@LGGNMGLH@__itt_sync_released?$AA@ 10011a7c     itt_notify_proxy.obj
 0002:00000a90       ??_C@_0BC@FOINABEG@__itt_memory_read?$AA@ 10011a90     itt_notify_proxy.obj
 0002:00000aa4       ??_C@_0BD@NMPEKHPI@__itt_memory_write?$AA@ 10011aa4     itt_notify_proxy.obj
 0002:00000ab8       ??_C@_0BE@PDNEALBC@__itt_memory_update?$AA@ 10011ab8     itt_notify_proxy.obj
 0002:00000acc       ??_C@_0BH@BMDJEFLP@__itt_jit_notify_event?$AA@ 10011acc     itt_notify_proxy.obj
 0002:00000ae4       ??_C@_0BD@PMJJPFNK@__itt_mark_createA?$AA@ 10011ae4     itt_notify_proxy.obj
 0002:00000af8       ??_C@_0BD@OAABEAAN@__itt_mark_createW?$AA@ 10011af8     itt_notify_proxy.obj
 0002:00000b0c       ??_C@_0BK@EPNEOEMG@__itt_notify_sync_prepare?$AA@ 10011b0c     itt_notify_proxy.obj
 0002:00000b28       ??_C@_0BJ@DIOKJHB@__itt_notify_sync_cancel?$AA@ 10011b28     itt_notify_proxy.obj
 0002:00000b44       ??_C@_0BL@ILFPBIOK@__itt_notify_sync_acquired?$AA@ 10011b44     itt_notify_proxy.obj
 0002:00000b60       ??_C@_0BM@MDHJMDPI@__itt_notify_sync_releasing?$AA@ 10011b60     itt_notify_proxy.obj
 0002:00000b7c       ??_C@_0BK@LHKMCGEO@__itt_notify_cpath_target?$AA@ 10011b7c     itt_notify_proxy.obj
 0002:00000b98       ??_C@_0BF@NPFOLKPO@__itt_sync_set_nameA?$AA@ 10011b98     itt_notify_proxy.obj
 0002:00000bb0       ??_C@_0BF@MDMGAPCJ@__itt_sync_set_nameW?$AA@ 10011bb0     itt_notify_proxy.obj
 0002:00000bc8       ??_C@_0BE@PKPGFCJA@__itt_thr_name_setA?$AA@ 10011bc8     itt_notify_proxy.obj
 0002:00000bdc       ??_C@_0BE@OGGOOHEH@__itt_thr_name_setW?$AA@ 10011bdc     itt_notify_proxy.obj
 0002:00000bf0       ??_C@_0BE@PFMCBGMI@__itt_event_createA?$AA@ 10011bf0     itt_notify_proxy.obj
 0002:00000c04       ??_C@_0BE@OJFKKDBP@__itt_event_createW?$AA@ 10011c04     itt_notify_proxy.obj
 0002:00000c18       ??_C@_0BB@NAOEIHEA@__itt_thr_ignore?$AA@ 10011c18     itt_notify_proxy.obj
 0002:00000c2c       ??_C@_0BC@CFNFCMCG@__itt_event_start?$AA@ 10011c2c     itt_notify_proxy.obj
 0002:00000c40       ??_C@_0BA@IJAPHNDA@__itt_event_end?$AA@ 10011c40     itt_notify_proxy.obj
 0002:00000c50       ??_C@_0BA@OOLJINGG@__itt_state_get?$AA@ 10011c50     itt_notify_proxy.obj
 0002:00000c60       ??_C@_0BA@DBMCENKO@__itt_state_set?$AA@ 10011c60     itt_notify_proxy.obj
 0002:00000c70       ??_C@_0BD@OMOHDNKK@__itt_obj_mode_set?$AA@ 10011c70     itt_notify_proxy.obj
 0002:00000c84       ??_C@_0BD@EBCLOJDM@__itt_thr_mode_set?$AA@ 10011c84     itt_notify_proxy.obj
 0002:00000c98       ??_C@_0BC@LLDNPJMG@__itt_api_version?$AA@ 10011c98     itt_notify_proxy.obj
 0002:00000cac       ??_C@_0BM@MMFMDFCK@__itt_jit_get_new_method_id?$AA@ 10011cac     itt_notify_proxy.obj
 0002:00000cc8       ??_C@_0BH@BCIELMCH@INTEL_ITTNOTIFY_GROUPS?$AA@ 10011cc8     itt_notify_proxy.obj
 0002:00000ce0       ??_C@_03IJOFBOLG@?0?$DL?5?$AA@ 10011ce0     itt_notify_proxy.obj
 0002:00000ce4       ??_C@_11LOCGONAA@?$AA?$AA@ 10011ce4     mutex.obj
 0002:00000ce8       ??_C@_1BG@ODPLMIDC@?$AAt?$AAb?$AAb?$AA?3?$AA?3?$AAm?$AAu?$AAt?$AAe?$AAx?$AA?$AA@ 10011ce8     mutex.obj
 0002:00000d04       ??_7pipeline_root_task@internal@tbb@@6B@ 10011d04     pipeline.obj
 0002:00000d14       ??_7stage_task@internal@tbb@@6B@ 10011d14     pipeline.obj
 0002:00000d24       ??_7pipeline@tbb@@6B@      10011d24     pipeline.obj
 0002:00000d2c       ??_7task@tbb@@6B@          10011d2c     pipeline.obj
 0002:00000d3c       ??_7filter@tbb@@6B@        10011d3c     pipeline.obj
 0002:00000d48       ??_C@_0CP@ECLIENFE@thread_monitor?3?3launch?3?5_beginth@ 10011d48     private_server.obj
 0002:00000d7c       ??_7private_server@rml@internal@tbb@@6B@ 10011d7c     private_server.obj
 0002:00000d98       ??_C@_1CG@PJPBKEPC@?$AAt?$AAb?$AAb?$AA?3?$AA?3?$AAq?$AAu?$AAe?$AAu?$AAi?$AAn?$AAg?$AA_?$AAm?$AAu?$AAt?$AAe?$AAx?$AA?$AA@ 10011d98     queuing_mutex.obj
 0002:00000dc0       ??_C@_1CM@KJEIFCEB@?$AAt?$AAb?$AAb?$AA?3?$AA?3?$AAq?$AAu?$AAe?$AAu?$AAi?$AAn?$AAg?$AA_?$AAr?$AAw?$AA_?$AAm?$AAu?$AAt?$AAe?$AAx?$AA?$AA@ 10011dc0     queuing_rw_mutex.obj
 0002:00000dec       ??_C@_1CK@OOCNHJOL@?$AAt?$AAb?$AAb?$AA?3?$AA?3?$AAr?$AAe?$AAc?$AAu?$AAr?$AAs?$AAi?$AAv?$AAe?$AA_?$AAm?$AAu?$AAt?$AAe?$AAx?$AA?$AA@ 10011dec     recursive_mutex.obj
 0002:00000e18       ??_C@_1CA@OBNAGBIB@?$AAt?$AAb?$AAb?$AA?3?$AA?3?$AAs?$AAp?$AAi?$AAn?$AA_?$AAm?$AAu?$AAt?$AAe?$AAx?$AA?$AA@ 10011e18     spin_mutex.obj
 0002:00000e38       ??_C@_1CG@PLAHABG@?$AAt?$AAb?$AAb?$AA?3?$AA?3?$AAs?$AAp?$AAi?$AAn?$AA_?$AAr?$AAw?$AA_?$AAm?$AAu?$AAt?$AAe?$AAx?$AA?$AA@ 10011e38     spin_rw_mutex.obj
 0002:00000e60       ??_C@_1BM@HPHMLNHL@?$AAT?$AAb?$AAb?$AAG?$AAl?$AAo?$AAb?$AAa?$AAl?$AAL?$AAo?$AAc?$AAk?$AA?$AA@ 10011e60     task.obj
 0002:00000e7c       ??_C@_1BE@HCOPGFC@?$AA?$CF?$AAC?$AAo?$AAn?$AAs?$AAt?$AAa?$AAn?$AAt?$AA?$AA@ 10011e7c     task.obj
 0002:00000e90       ??_C@_1DG@DAINFCM@?$AAT?$AAb?$AAb?$AAS?$AAc?$AAh?$AAe?$AAd?$AAu?$AAl?$AAe?$AAr?$AAI?$AAn?$AAi?$AAt?$AAi?$AAa?$AAl?$AAi?$AAz?$AAa?$AAt?$AAi?$AAo?$AAn?$AA?$AA@ 10011e90     task.obj
 0002:00000ec8       ??_C@_1CE@PPIOBPMF@?$AAT?$AAb?$AAb?$AAS?$AAc?$AAh?$AAe?$AAd?$AAu?$AAl?$AAe?$AAr?$AAs?$AAL?$AAi?$AAs?$AAt?$AA?$AA@ 10011ec8     task.obj
 0002:00000eec       ??_C@_1BM@LJBJJICB@?$AAT?$AAB?$AAB?$AA?5?$AAS?$AAc?$AAh?$AAe?$AAd?$AAu?$AAl?$AAe?$AAr?$AA?$AA@ 10011eec     task.obj
 0002:00000f08       ??_C@_0CG@EICLJBGO@TBB?5failed?5to?5initialize?5TLS?5sto@ 10011f08     task.obj
 0002:00000f30       ??_C@_0M@EKHIKCEO@TBB_VERSION?$AA@ 10011f30     task.obj
 0002:00000f3c       ??_C@_07NMPLPEPB@private?$AA@ 10011f3c     task.obj
 0002:00000f44       ??_C@_03JLDBPJFA@RML?$AA@  10011f44     task.obj
 0002:00000f48       ??_C@_06HBFNPGIC@shared?$AA@ 10011f48     task.obj
 0002:00000f4f       ??_C@_00CNPNBAHC@?$AA@     10011f4f     task.obj
 0002:00000f50       ??_C@_05CDGBNGHP@Intel?$AA@ 10011f50     task.obj
 0002:00000f58       ??_C@_07DLHCIBDH@default?$AA@ 10011f58     task.obj
 0002:00000f60       ??_C@_09OCGIJDP@SCHEDULER?$AA@ 10011f60     task.obj
 0002:00000f70       ??_C@_0FB@DPLJOKIH@warning?5from?5TBB?3?5make_server?5fa@ 10011f70     task.obj
 0002:00000fc4       ??_C@_0BH@IFIKJPDO@Unidentified?5exception?$AA@ 10011fc4     task.obj
 0002:00000fdc       ??_C@_03KHICJKCI@?4?4?4?$AA@ 10011fdc     task.obj
 0002:00000fe4       ??_7UnpaddedArenaPrefix@internal@tbb@@6B@ 10011fe4     task.obj
 0002:00001008       ??_7ArenaPrefix@internal@tbb@@6B@ 10012008     task.obj
 0002:0000102c       ??_7GenericScheduler@internal@tbb@@6B@ 1001202c     task.obj
 0002:00001040       ??_7?$CustomScheduler@UIntelSchedulerTraits@internal@tbb@@@internal@tbb@@6B@ 10012040     task.obj
 0002:00001054       ??_7empty_task@tbb@@6B@    10012054     task.obj
 0002:00001064       ??_7scheduler@internal@tbb@@6B@ 10012064     task.obj
 0002:00001078       ??_7tbb_exception@tbb@@6B@ 10012078     task.obj
 0002:00001094       ??_7captured_exception@tbb@@6B@ 10012094     task.obj
 0002:000010b0       ??_7?$CustomScheduler@UDefaultSchedulerTraits@internal@tbb@@@internal@tbb@@6B@ 100120b0     task.obj
 0002:000010c0       ??_C@_0CL@PHAMFLPE@Assertion?5?$CFs?5failed?5on?5line?5?$CFd?5o@ 100120c0     tbb_misc.obj
 0002:000010ec       ??_C@_0BK@GNEKDGNN@Detailed?5description?3?5?$CFs?6?$AA@ 100120ec     tbb_misc.obj
 0002:00001108       ??_C@_0BB@IDICOHEL@TBB?5Warning?3?5?$CFs?6?$AA@ 10012108     tbb_misc.obj
 0002:0000111c       ??_C@_04PFAOODAA@?$CFs?3?5?$AA@ 1001211c     tbb_misc.obj
 0002:00001124       ??_C@_01GBGANLPD@0?$AA@    10012124     tbb_misc.obj
 0002:00001128       ??_C@_03CLIFMMDP@TBB?$AA@  10012128     tbb_misc.obj
 0002:0000112c       ??_C@_0L@BKDDBBKN@?$CFs?3?5?$CFs?7?$CFs?6?$AA@ 1001212c     tbb_misc.obj
 0002:00001138       ??_C@_0BA@HNJHLFML@__beginthreadex?$AA@ 10012138     tbb_thread.obj
 0002:00001148       __real@408f400000000000    10012148     tbb_thread.obj
 0002:00001150       __real@41efffffffe00000    10012150     tbb_thread.obj
 0002:000011e8       __load_config_used         100121e8     MSVCRT:loadcfg.obj
 0002:00001298       ??_R4type_info@@6B@        10012298     MSVCRT:ti_inst.obj
 0002:000012ac       ??_R3type_info@@8          100122ac     MSVCRT:ti_inst.obj
 0002:000012bc       ??_R2type_info@@8          100122bc     MSVCRT:ti_inst.obj
 0002:000012c4       ??_R1A@?0A@EA@type_info@@8 100122c4     MSVCRT:ti_inst.obj
 0002:000012e0       ??_R1A@?0A@EA@concurrent_queue_base@internal@tbb@@8 100122e0     concurrent_queue_v2.obj
 0002:000012fc       ??_R3no_copy@internal@tbb@@8 100122fc     concurrent_queue_v2.obj
 0002:0000130c       ??_R13?0A@EN@no_assign@internal@tbb@@8 1001230c     concurrent_queue_v2.obj
 0002:00001328       ??_R3concurrent_queue_base@internal@tbb@@8 10012328     concurrent_queue_v2.obj
 0002:00001338       ??_R4concurrent_queue_base@internal@tbb@@6B@ 10012338     concurrent_queue_v2.obj
 0002:0000134c       ??_R1A@?0A@EA@no_copy@internal@tbb@@8 1001234c     concurrent_queue_v2.obj
 0002:00001368       ??_R1A@?0A@EN@no_assign@internal@tbb@@8 10012368     concurrent_queue_v2.obj
 0002:00001384       ??_R3no_assign@internal@tbb@@8 10012384     concurrent_queue_v2.obj
 0002:00001394       ??_R13?0A@EN@no_copy@internal@tbb@@8 10012394     concurrent_queue_v2.obj
 0002:000013b0       ??_R2concurrent_queue_base@internal@tbb@@8 100123b0     concurrent_queue_v2.obj
 0002:000013c0       ??_R2no_assign@internal@tbb@@8 100123c0     concurrent_queue_v2.obj
[...]
 0002:00002880       __unwindtable$?register_pending_exception@task_group_context@tbb@@QAEXXZ 10013880     task.obj
 0002:00002890       __tryblocktable$?register_pending_exception@task_group_context@tbb@@QAEXXZ 10013890     task.obj
 0002:000028a4       __catchsym$?register_pending_exception@task_group_context@tbb@@QAEXXZ$4 100138a4     task.obj
 0002:000028d4       __ehfuncinfo$?initialize@task_scheduler_init@tbb@@QAEXH@Z 100138d4     task.obj
 0002:000028f8       __unwindtable$?initialize@task_scheduler_init@tbb@@QAEXH@Z 100138f8     task.obj
 0002:00002900       __ehfuncinfo$?process_list@observer_proxy@internal@tbb@@SAPAV123@PAV123@_N1@Z 10013900     task.obj
 0002:00002924       __unwindtable$?process_list@observer_proxy@internal@tbb@@SAPAV123@PAV123@_N1@Z 10013924     task.obj
 0002:00002934       __tryblocktable$?process_list@observer_proxy@internal@tbb@@SAPAV123@PAV123@_N1@Z 10013934     task.obj
 0002:00002948       __catchsym$?process_list@observer_proxy@internal@tbb@@SAPAV123@PAV123@_N1@Z$5 10013948     task.obj
 0002:00002958       __ehfuncinfo$?observe@task_scheduler_observer_v3@internal@tbb@@QAEX_N@Z 10013958     task.obj
 0002:0000297c       __unwindtable$?observe@task_scheduler_observer_v3@internal@tbb@@QAEX_N@Z 1001397c     task.obj
 0002:00002984       __ehfuncinfo$??$make_exception_ptr@Vcaptured_exception@tbb@@@std@@YA?AVexception_ptr@0@Vcaptured_exception@tbb@@@Z 10013984     task.obj
 0002:000029a8       __unwindtable$??$make_exception_ptr@Vcaptured_exception@tbb@@@std@@YA?AVexception_ptr@0@Vcaptured_exception@tbb@@@Z 100139a8     task.obj
 0002:000029b0       __ehfuncinfo$?local_wait_for_all@?$CustomScheduler@UDefaultSchedulerTraits@internal@tbb@@@internal@tbb@@AAEXAAVtask@3@PAV43@@Z 100139b0     task.obj
 0002:000029d4       __unwindtable$?local_wait_for_all@?$CustomScheduler@UDefaultSchedulerTraits@internal@tbb@@@internal@tbb@@AAEXAAVtask@3@PAV43@@Z 100139d4     task.obj
 0002:000029e4       __tryblocktable$?local_wait_for_all@?$CustomScheduler@UDefaultSchedulerTraits@internal@tbb@@@internal@tbb@@AAEXAAVtask@3@PAV43@@Z 100139e4     task.obj
 0002:000029f8       __catchsym$?local_wait_for_all@?$CustomScheduler@UDefaultSchedulerTraits@internal@tbb@@@internal@tbb@@AAEXAAVtask@3@PAV43@@Z$8 100139f8     task.obj
 0002:00002a28       __ehfuncinfo$?local_wait_for_all@?$CustomScheduler@UIntelSchedulerTraits@internal@tbb@@@internal@tbb@@AAEXAAVtask@3@PAV43@@Z 10013a28     task.obj
 0002:00002a4c       __unwindtable$?local_wait_for_all@?$CustomScheduler@UIntelSchedulerTraits@internal@tbb@@@internal@tbb@@AAEXAAVtask@3@PAV43@@Z 10013a4c     task.obj
 0002:00002a5c       __tryblocktable$?local_wait_for_all@?$CustomScheduler@UIntelSchedulerTraits@internal@tbb@@@internal@tbb@@AAEXAAVtask@3@PAV43@@Z 10013a5c     task.obj
 0002:00002a70       __catchsym$?local_wait_for_all@?$CustomScheduler@UIntelSchedulerTraits@internal@tbb@@@internal@tbb@@AAEXAAVtask@3@PAV43@@Z$8 10013a70     task.obj
 0002:00002aa0       __ehfuncinfo$?handle_win_error@internal@tbb@@YAXH@Z 10013aa0     tbb_thread.obj
 0002:00002ac4       __unwindtable$?handle_win_error@internal@tbb@@YAXH@Z 10013ac4     tbb_thread.obj
 0002:00002ad0       __sehtable$__onexit        10013ad0     MSVCRT:atonexit.obj
 0002:00002af0       __sehtable$___DllMainCRTStartup 10013af0     MSVCRT:crtdll.obj
 0002:00002b18       __sehtable$??_M@YGXPAXIHP6EX0@Z@Z 10013b18     MSVCRT:ehvecdtr.obj
 0002:00002b38       __sehtable$?__ArrayUnwind@@YGXPAXIHP6EX0@Z@Z 10013b38     MSVCRT:ehvecdtr.obj
 0002:00002b58       __sehtable$__IsNonwritableInCurrentImage 10013b58     MSVCRT:pesect.obj
 0002:00002d70       .edata                     10013d70     tbb.exp
 0002:00002d98       rgpv                       10013d98     tbb.exp
 0002:0000304c       rgszName                   1001404c     tbb.exp
 0002:00003300       rgwOrd                     10014300     tbb.exp
 0002:0000345a       szName                     1001445a     tbb.exp
 0002:00003462       $N00001                    10014462     tbb.exp
 0002:00003491       $N00002                    10014491     tbb.exp
 0002:000034c3       $N00003                    100144c3     tbb.exp
 0002:00003516       $N00004                    10014516     tbb.exp
 0002:0000356f       $N00005                    1001456f     tbb.exp
 0002:00003587       $N00006                    10014587     tbb.exp
 0002:000035a9       $N00007                    100145a9     tbb.exp
 0002:000035d7       $N00008                    100145d7     tbb.exp
 0002:00003608       $N00009                    10014608     tbb.exp
 0002:0000363f       $N00010                    1001463f     tbb.exp
 0002:00003679       $N00011                    10014679     tbb.exp
 0002:000036ab       $N00012                    100146ab     tbb.exp
 0002:000036c1       $N00013                    100146c1     tbb.exp
 0002:000036d9       $N00014                    100146d9     tbb.exp
 0002:000036fb       $N00015                    100146fb     tbb.exp
 0002:00003711       $N00016                    10014711     tbb.exp
 0002:0000373a       $N00017                    1001473a     tbb.exp
 0002:0000375b       $N00018                    1001475b     tbb.exp
 0002:00003780       $N00019                    10014780     tbb.exp
 0002:000037b5       $N00020                    100147b5     tbb.exp
 0002:000037ef       $N00021                    100147ef     tbb.exp
 0002:0000381c       $N00022                    1001481c     tbb.exp
 0002:00003859       $N00023                    10014859     tbb.exp
 0002:00003899       $N00024                    10014899     tbb.exp
 0002:000038e5       $N00025                    100148e5     tbb.exp
 0002:00003923       $N00026                    10014923     tbb.exp
 0002:00003968       $N00027                    10014968     tbb.exp
 0002:000039a4       $N00028                    100149a4     tbb.exp
 0002:000039ee       $N00029                    100149ee     tbb.exp
 0002:00003a1a       $N00030                    10014a1a     tbb.exp
 0002:00003a4a       $N00031                    10014a4a     tbb.exp
 0002:00003a6e       $N00032                    10014a6e     tbb.exp
 0002:00003aab       $N00033                    10014aab     tbb.exp
 0002:00003aee       $N00034                    10014aee     tbb.exp
 0002:00003b34       $N00035                    10014b34     tbb.exp
 0002:00003b6c       $N00036                    10014b6c     tbb.exp
 0002:00003b92       $N00037                    10014b92     tbb.exp
 0002:00003bae       $N00038                    10014bae     tbb.exp
 0002:00003be0       $N00039                    10014be0     tbb.exp
 0002:00003c14       $N00040                    10014c14     tbb.exp
 0002:00003c3c       $N00041                    10014c3c     tbb.exp
 0002:00003c5c       $N00042                    10014c5c     tbb.exp
 0002:00003c87       $N00043                    10014c87     tbb.exp
 0002:00003cc6       $N00044                    10014cc6     tbb.exp
 0002:00003d0e       $N00045                    10014d0e     tbb.exp
 0002:00003d48       $N00046                    10014d48     tbb.exp
 0002:00003d89       $N00047                    10014d89     tbb.exp
 0002:00003dc1       $N00048                    10014dc1     tbb.exp
 0002:00003e07       $N00049                    10014e07     tbb.exp
 0002:00003e2f       $N00050                    10014e2f     tbb.exp
 0002:00003e69       $N00051                    10014e69     tbb.exp
 0002:00003e90       $N00052                    10014e90     tbb.exp
 0002:00003ec8       $N00053                    10014ec8     tbb.exp
 0002:00003eed       $N00054                    10014eed     tbb.exp
 0002:00003f1a       $N00055                    10014f1a     tbb.exp
 0002:00003f48       $N00056                    10014f48     tbb.exp
 0002:00003f75       $N00057                    10014f75     tbb.exp
 0002:00003fab       $N00058                    10014fab     tbb.exp
 0002:00003feb       $N00059                    10014feb     tbb.exp
 0002:00004026       $N00060                    10015026     tbb.exp
 0002:0000405e       $N00061                    1001505e     tbb.exp
 0002:00004094       $N00062                    10015094     tbb.exp
 0002:000040cd       $N00063                    100150cd     tbb.exp
 0002:00004104       $N00064                    10015104     tbb.exp
 0002:0000415f       $N00065                    1001515f     tbb.exp
 0002:000041bd       $N00066                    100151bd     tbb.exp
 0002:000041fc       $N00067                    100151fc     tbb.exp
 0002:0000423e       $N00068                    1001523e     tbb.exp
 0002:00004286       $N00069                    10015286     tbb.exp
 0002:000042cf       $N00070                    100152cf     tbb.exp
 0002:00004329       $N00071                    10015329     tbb.exp
 0002:0000434f       $N00072                    1001534f     tbb.exp
 0002:0000437d       $N00073                    1001537d     tbb.exp
 0002:000043ae       $N00074                    100153ae     tbb.exp
 0002:000043de       $N00075                    100153de     tbb.exp
 0002:00004409       $N00076                    10015409     tbb.exp
 0002:0000443a       $N00077                    1001543a     tbb.exp
 0002:0000448a       $N00078                    1001548a     tbb.exp
 0002:000044dd       $N00079                    100154dd     tbb.exp
 0002:0000450c       $N00080                    1001550c     tbb.exp
 0002:00004530       $N00081                    10015530     tbb.exp
 0002:0000455e       $N00082                    1001555e     tbb.exp
 0002:00004591       $N00083                    10015591     tbb.exp
 0002:000045c2       $N00084                    100155c2     tbb.exp
 0002:00004601       $N00085                    10015601     tbb.exp
 0002:00004646       $N00086                    10015646     tbb.exp
 0002:00004690       $N00087                    10015690     tbb.exp
 0002:000046e1       $N00088                    100156e1     tbb.exp
 0002:00004726       $N00089                    10015726     tbb.exp
 0002:00004779       $N00090                    10015779     tbb.exp
 0002:000047d3       $N00091                    100157d3     tbb.exp
 0002:00004839       $N00092                    10015839     tbb.exp
 0002:00004870       $N00093                    10015870     tbb.exp
 0002:000048ac       $N00094                    100158ac     tbb.exp
 0002:000048eb       $N00095                    100158eb     tbb.exp
 0002:00004933       $N00096                    10015933     tbb.exp
 0002:0000497e       $N00097                    1001597e     tbb.exp
 0002:000049bb       $N00098                    100159bb     tbb.exp
 0002:000049fb       $N00099                    100159fb     tbb.exp
 0002:00004a41       $N00100                    10015a41     tbb.exp
 0002:00004a8a       $N00101                    10015a8a     tbb.exp
 0002:00004ad4       $N00102                    10015ad4     tbb.exp
 0002:00004b21       $N00103                    10015b21     tbb.exp
 0002:00004b51       $N00104                    10015b51     tbb.exp
 0002:00004b8b       $N00105                    10015b8b     tbb.exp
 0002:00004bc0       $N00106                    10015bc0     tbb.exp
 0002:00004bf8       $N00107                    10015bf8     tbb.exp
 0002:00004c2e       $N00108                    10015c2e     tbb.exp
 0002:00004c66       $N00109                    10015c66     tbb.exp
 0002:00004c9c       $N00110                    10015c9c     tbb.exp
 0002:00004cdd       $N00111                    10015cdd     tbb.exp
 0002:00004d21       $N00112                    10015d21     tbb.exp
 0002:00004d7a       $N00113                    10015d7a     tbb.exp
 0002:00004dbe       $N00114                    10015dbe     tbb.exp
 0002:00004e05       $N00115                    10015e05     tbb.exp
 0002:00004e2f       $N00116                    10015e2f     tbb.exp
 0002:00004e69       $N00117                    10015e69     tbb.exp
 0002:00004ea6       $N00118                    10015ea6     tbb.exp
 0002:00004ee3       $N00119                    10015ee3     tbb.exp
 0002:00004f28       $N00120                    10015f28     tbb.exp
 0002:00004f70       $N00121                    10015f70     tbb.exp
 0002:00004fba       $N00122                    10015fba     tbb.exp
 0002:00004ff5       $N00123                    10015ff5     tbb.exp
 0002:0000503a       $N00124                    1001603a     tbb.exp
 0002:0000507a       $N00125                    1001607a     tbb.exp
 0002:000050b7       $N00126                    100160b7     tbb.exp
 0002:000050f2       $N00127                    100160f2     tbb.exp
 0002:0000512f       $N00128                    1001612f     tbb.exp
 0002:0000516a       $N00129                    1001616a     tbb.exp
 0002:0000519c       $N00130                    1001619c     tbb.exp
 0002:000051cc       $N00131                    100161cc     tbb.exp
 0002:0000520a       $N00132                    1001620a     tbb.exp
 0002:00005232       $N00133                    10016232     tbb.exp
 0002:00005260       $N00134                    10016260     tbb.exp
 0002:0000528e       $N00135                    1001628e     tbb.exp
 0002:000052c9       $N00136                    100162c9     tbb.exp
 0002:000052fa       $N00137                    100162fa     tbb.exp
 0002:00005335       $N00138                    10016335     tbb.exp
 0002:0000535e       $N00139                    1001635e     tbb.exp
 0002:00005388       $N00140                    10016388     tbb.exp
 0002:000053ba       $N00141                    100163ba     tbb.exp
 0002:000053e1       $N00142                    100163e1     tbb.exp
 0002:00005402       $N00143                    10016402     tbb.exp
 0002:0000543d       $N00144                    1001643d     tbb.exp
 0002:0000547d       $N00145                    1001647d     tbb.exp
 0002:000054b8       $N00146                    100164b8     tbb.exp
 0002:000054e7       $N00147                    100164e7     tbb.exp
 0002:00005519       $N00148                    10016519     tbb.exp
 0002:0000553f       $N00149                    1001653f     tbb.exp
 0002:0000557a       $N00150                    1001657a     tbb.exp
 0002:00005595       $N00151                    10016595     tbb.exp
 0002:000055c8       $N00152                    100165c8     tbb.exp
 0002:000055f0       $N00153                    100165f0     tbb.exp
 0002:0000560b       $N00154                    1001660b     tbb.exp
 0002:00005633       $N00155                    10016633     tbb.exp
 0002:0000566a       $N00156                    1001666a     tbb.exp
 0002:000056a2       $N00157                    100166a2     tbb.exp
 0002:000056cd       $N00158                    100166cd     tbb.exp
 0002:00005709       $N00159                    10016709     tbb.exp
 0002:00005749       $N00160                    10016749     tbb.exp
 0002:0000576e       $N00161                    1001676e     tbb.exp
 0002:000057a5       $N00162                    100167a5     tbb.exp
 0002:000057df       $N00163                    100167df     tbb.exp
 0002:0000581e       $N00164                    1001681e     tbb.exp
 0002:00005862       $N00165                    10016862     tbb.exp
 0002:0000589f       $N00166                    1001689f     tbb.exp
 0002:000058c6       $N00167                    100168c6     tbb.exp
 0002:000058e4       $N00168                    100168e4     tbb.exp
 0002:000058fa       $N00169                    100168fa     tbb.exp
 0002:00005912       $N00170                    10016912     tbb.exp
 0002:0000592c       $N00171                    1001692c     tbb.exp
 0002:00005940       $N00172                    10016940     tbb.exp
 0002:00005955       $N00173                    10016955     tbb.exp
 0002:00005d78       .idata$6                   10016d78     kernel32:KERNEL32.dll
 0002:00005e20       .idata$6                   10016e20     msvcprt:MSVCP120.dll
 0002:00006100       .idata$6                   10017100     MSVCRT:MSVCR120.dll
 0003:00000020       _MallocHandler             10018020     cache_aligned_allocator.obj
 0003:00000024       _FreeHandler               10018024     cache_aligned_allocator.obj
 0003:00000090       _group_list                10018090     itt_notify_proxy.obj
 0003:00000120       _group_alias               10018120     itt_notify_proxy.obj
 0003:00000150       _func_map                  10018150     itt_notify_proxy.obj
 0003:000003d0       _dummy_context             100183d0     task.obj
 0003:000004d0       ?dummy@?1??make_invalid@micro_queue@internal@tbb@@QAEXI@Z@4Upage@concurrent_queue_base_v3@34@A 100184d0     concurrent_queue.obj
 0003:00000af0       _GS_ExceptionRecord        10018af0     MSVCRT:gs_report.obj
 0003:00000b40       _GS_ContextRecord          10018b40     MSVCRT:gs_report.obj
 0003:00000e0c       _DebuggerWasPresent        10018e0c     MSVCRT:gs_report.obj
 0003:00000e18       ___proc_attached           10018e18     MSVCRT:crtdll.obj
 0003:00000e20       ?result@?1??__itt_init_lib@@9@9 10018e20     itt_notify_proxy.obj
 0003:00000e24       ?init@?1??__itt_init_lib@@9@9 10018e24     itt_notify_proxy.obj
 0003:00000e28       _error_handler             10018e28     itt_notify_proxy.obj
 0003:00000e3a       _PrintVersionFlag          10018e3a     tbb_misc.obj
 0003:00000e3c       _global_cancel_count       10018e3c     task.obj
 0003:00000e40       _allocator_arg             10018e40     concurrent_vector_v2.obj
 0003:00000e41       _piecewise_construct       10018e41     concurrent_vector_v2.obj
 0003:00000e42       _allocator_arg             10018e42     concurrent_hash_map.obj
 0003:00000e43       _piecewise_construct       10018e43     concurrent_hash_map.obj
 0003:00000e44       _allocator_arg             10018e44     concurrent_queue.obj
 0003:00000e45       _piecewise_construct       10018e45     concurrent_queue.obj
 0003:00000e46       _allocator_arg             10018e46     concurrent_vector.obj
 0003:00000e47       _piecewise_construct       10018e47     concurrent_vector.obj
 0003:00000e48       _the_scheduler_list_mutex  10018e48     task.obj
 0003:00000e80       _allocator_arg             10018e80     task.obj
 0003:00000e81       _piecewise_construct       10018e81     task.obj
 0003:00000e82       _allocator_arg             10018e82     tbb_misc.obj
 0003:00000e83       _piecewise_construct       10018e83     tbb_misc.obj
 0003:00000e84       _allocator_arg             10018e84     tbb_thread.obj
 0003:00000e85       _piecewise_construct       10018e85     tbb_thread.obj
 0003:00000e86       _use_private_rml           10018e86     task.obj
 0003:00000e87       _ITT_Present               10018e87     task.obj
 0003:00000e88       _invalid_page              10018e88     concurrent_queue.obj
 0003:00000e8c       _ittnotify_lib             10018e8c     itt_notify_proxy.obj
 0003:00000e90       ?env_value@?1??__itt_get_env_var@@9@9 10018e90     itt_notify_proxy.obj
 0003:00001e90       _the_task_scheduler_observer_mutex 10019e90     task.obj
 0003:00001e94       _ITT_InitializationDone    10019e94     task.obj
 0003:00001e98       _the_scheduler_list_head   10019e98     task.obj
 0003:00001ea0       _SchedulerTraitsId         10019ea0     task.obj
 0003:00001ea4       _DefaultNumberOfThreads    10019ea4     task.obj
 0003:00001ea8       _global_last_observer_proxy 10019ea8     task.obj
 0003:00001eac       _rml_server_factory        10019eac     task.obj
 0003:00001ec0       _global_first_observer_proxy 10019ec0     task.obj
 0003:00001ec4       _assertion_handler         10019ec4     tbb_misc.obj
 0003:00001ed0       ?already_failed@?6??assertion_failure@tbb@@YAXPBDH00@Z@4_NA 10019ed0     tbb_misc.obj
 0004:000000a0       $R000000                   1001a0a0     tbb_resource.res
 0004:000005c0       $R000520                   1001a5c0     tbb_resource.res
